[0.030s] Invoking command in '/home/admin/ros2_bus/build/camera_ros': CMAKE_PREFIX_PATH=${CMAKE_PREFIX_PATH}:/home/admin/ros2_bus/install/py_bus_perception_logic:/home/admin/ros2_bus/install/py_bus_perception_hw:/home/admin/ros2_bus/install/py_bus_nav:/home/admin/ros2_bus/install/py_bus_localisation_logic:/home/admin/ros2_bus/install/py_bus_localisation_hw:/home/admin/ros2_bus/install/py_bus_hmi:/home/admin/ros2_bus/install/py_bus_driver:/home/admin/ros2_bus/install/py_bus_controller:/home/admin/ros2_bus/install/py_bus_bringup:/home/admin/ros2_bus/install/py_bus_behavior:/opt/ros/kilted /usr/bin/cmake /home/admin/ros2_bus/src/camera_ros -DAMENT_CMAKE_SYMLINK_INSTALL=1 -DCMAKE_INSTALL_PREFIX=/home/admin/ros2_bus/install/camera_ros
[0.607s] -- The C compiler identification is GNU 13.3.0
[0.607s] -- The CXX compiler identification is GNU 13.3.0
[0.607s] -- Detecting C compiler ABI info
[0.607s] -- Detecting C compiler ABI info - done
[0.607s] -- Check for working C compiler: /usr/bin/cc - skipped
[0.607s] -- Detecting C compile features
[0.608s] -- Detecting C compile features - done
[0.608s] -- Detecting CXX compiler ABI info
[0.809s] -- Detecting CXX compiler ABI info - done
[0.824s] -- Check for working CXX compiler: /usr/bin/c++ - skipped
[0.824s] -- Detecting CXX compile features
[0.825s] -- Detecting CXX compile features - done
[0.834s] -- Found ament_cmake: 2.7.5 (/opt/ros/kilted/share/ament_cmake/cmake)
[1.195s] -- Found Python3: /usr/bin/python3 (found version "3.12.3") found components: Interpreter 
[1.423s] -- Override CMake install command with custom implementation using symlinks instead of copying resources
[1.554s] -- Found PkgConfig: /usr/bin/pkg-config (found version "1.8.1") 
[1.562s] -- Found rclcpp: 29.5.7 (/opt/ros/kilted/share/rclcpp/cmake)
[1.637s] -- Found rosidl_generator_c: 4.9.6 (/opt/ros/kilted/share/rosidl_generator_c/cmake)
[1.672s] -- Found rosidl_generator_cpp: 4.9.6 (/opt/ros/kilted/share/rosidl_generator_cpp/cmake)
[1.708s] -- Using all available rosidl_typesupport_c: rosidl_typesupport_fastrtps_c;rosidl_typesupport_introspection_c
[1.753s] -- Using all available rosidl_typesupport_cpp: rosidl_typesupport_fastrtps_cpp;rosidl_typesupport_introspection_cpp
[1.924s] -- Found rmw_implementation_cmake: 7.8.2 (/opt/ros/kilted/share/rmw_implementation_cmake/cmake)
[1.933s] -- Found rmw_fastrtps_cpp: 9.3.3 (/opt/ros/kilted/share/rmw_fastrtps_cpp/cmake)
[2.177s] -- Found OpenSSL: /usr/lib/aarch64-linux-gnu/libcrypto.so (found version "3.0.13")  
[2.200s] -- Using RMW implementation 'rmw_fastrtps_cpp' as default
[2.358s] -- Found rclcpp_components: 29.5.7 (/opt/ros/kilted/share/rclcpp_components/cmake)
[2.437s] -- Found sensor_msgs: 5.5.2 (/opt/ros/kilted/share/sensor_msgs/cmake)
[2.590s] -- Found diagnostic_msgs: 5.5.2 (/opt/ros/kilted/share/diagnostic_msgs/cmake)
[2.643s] -- Found camera_info_manager: 6.1.3 (/opt/ros/kilted/share/camera_info_manager/cmake)
[2.667s] -- Setting yaml-cpp_DIR to: '/opt/ros/kilted/share/yaml_cpp_vendor/cmake/../../../opt/yaml_cpp_vendor/share/cmake/yaml-cpp'
[2.859s] -- Found cv_bridge: 4.1.0 (/opt/ros/kilted/share/cv_bridge/cmake)
[2.864s] -- Checking for module 'libcamera>=0.1'
[2.895s] --   Found libcamera, version 0.7.0
[3.012s] -- Found ament_lint_auto: 0.19.2 (/opt/ros/kilted/share/ament_lint_auto/cmake)
[3.330s] -- Added test 'clang_format' to check C / C++ code style
[3.337s] -- Added test 'cppcheck' to perform static code analysis on C / C++ code
[3.338s] -- Configured cppcheck include dirs: 
[3.338s] -- Configured cppcheck exclude dirs and/or files: 
[3.341s] -- Added test 'flake8' to check Python code syntax and style conventions
[3.341s] -- Configured 'flake8' exclude dirs and/or files: 
[3.344s] -- Added test 'lint_cmake' to check CMake code style
[3.347s] -- Added test 'mypy' to statically type check Python code.
[3.350s] -- Added test 'pep257' to check Python code against some of the docstring style conventions in PEP 257
[3.355s] -- Added test 'pyflakes' to perform static code analysis on Python code
[3.356s] -- Added test 'xmllint' to check XML markup files
[3.362s] -- Configuring done (3.3s)
[3.412s] -- Generating done (0.0s)
[3.428s] -- Build files have been written to: /home/admin/ros2_bus/build/camera_ros
[3.468s] Invoked command in '/home/admin/ros2_bus/build/camera_ros' returned '0': CMAKE_PREFIX_PATH=${CMAKE_PREFIX_PATH}:/home/admin/ros2_bus/install/py_bus_perception_logic:/home/admin/ros2_bus/install/py_bus_perception_hw:/home/admin/ros2_bus/install/py_bus_nav:/home/admin/ros2_bus/install/py_bus_localisation_logic:/home/admin/ros2_bus/install/py_bus_localisation_hw:/home/admin/ros2_bus/install/py_bus_hmi:/home/admin/ros2_bus/install/py_bus_driver:/home/admin/ros2_bus/install/py_bus_controller:/home/admin/ros2_bus/install/py_bus_bringup:/home/admin/ros2_bus/install/py_bus_behavior:/opt/ros/kilted /usr/bin/cmake /home/admin/ros2_bus/src/camera_ros -DAMENT_CMAKE_SYMLINK_INSTALL=1 -DCMAKE_INSTALL_PREFIX=/home/admin/ros2_bus/install/camera_ros
[3.468s] Invoking command in '/home/admin/ros2_bus/build/camera_ros': CMAKE_PREFIX_PATH=${CMAKE_PREFIX_PATH}:/home/admin/ros2_bus/install/py_bus_perception_logic:/home/admin/ros2_bus/install/py_bus_perception_hw:/home/admin/ros2_bus/install/py_bus_nav:/home/admin/ros2_bus/install/py_bus_localisation_logic:/home/admin/ros2_bus/install/py_bus_localisation_hw:/home/admin/ros2_bus/install/py_bus_hmi:/home/admin/ros2_bus/install/py_bus_driver:/home/admin/ros2_bus/install/py_bus_controller:/home/admin/ros2_bus/install/py_bus_bringup:/home/admin/ros2_bus/install/py_bus_behavior:/opt/ros/kilted /usr/bin/cmake --build /home/admin/ros2_bus/build/camera_ros -- -j4 -l4
[3.612s] [  7%] [32mBuilding CXX object CMakeFiles/utils.dir/src/format_mapping.cpp.o[0m
[9.722s] [ 15%] [32mBuilding CXX object CMakeFiles/utils.dir/src/pretty_print.cpp.o[0m
[12.025s] [ 15%] Built target utils
[12.078s] [ 23%] [32mBuilding CXX object CMakeFiles/camera_node.dir/rclcpp_components/node_main_camera_node.cpp.o[0m
[22.988s] [ 30%] [32m[1mLinking CXX executable camera_node[0m
[23.257s] [ 30%] Built target camera_node
[23.300s] [ 38%] [32mBuilding CXX object CMakeFiles/param.dir/src/clamp.cpp.o[0m
[25.345s] [ 46%] [32mBuilding CXX object CMakeFiles/param.dir/src/types.cpp.o[0m
[26.493s] [ 53%] [32mBuilding CXX object CMakeFiles/param.dir/src/type_extent.cpp.o[0m
[27.592s] [ 61%] [32mBuilding CXX object CMakeFiles/param.dir/src/ParameterHandler.cpp.o[0m
[34.402s] [ 69%] [32mBuilding CXX object CMakeFiles/param.dir/src/ParameterConflictHandler.cpp.o[0m
[36.794s] [ 76%] [32mBuilding CXX object CMakeFiles/param.dir/src/pv_to_cv.cpp.o[0m
[38.552s] [ 84%] [32mBuilding CXX object CMakeFiles/param.dir/src/cv_to_pv.cpp.o[0m
[40.583s] [ 84%] Built target param
[40.626s] [ 92%] [32mBuilding CXX object CMakeFiles/camera_component.dir/src/CameraNode.cpp.o[0m
[57.889s] [100%] [32m[1mLinking CXX shared library libcamera_component.so[0m
[59.333s] [100%] Built target camera_component
[59.356s] Invoked command in '/home/admin/ros2_bus/build/camera_ros' returned '0': CMAKE_PREFIX_PATH=${CMAKE_PREFIX_PATH}:/home/admin/ros2_bus/install/py_bus_perception_logic:/home/admin/ros2_bus/install/py_bus_perception_hw:/home/admin/ros2_bus/install/py_bus_nav:/home/admin/ros2_bus/install/py_bus_localisation_logic:/home/admin/ros2_bus/install/py_bus_localisation_hw:/home/admin/ros2_bus/install/py_bus_hmi:/home/admin/ros2_bus/install/py_bus_driver:/home/admin/ros2_bus/install/py_bus_controller:/home/admin/ros2_bus/install/py_bus_bringup:/home/admin/ros2_bus/install/py_bus_behavior:/opt/ros/kilted /usr/bin/cmake --build /home/admin/ros2_bus/build/camera_ros -- -j4 -l4
[59.358s] Invoking command in '/home/admin/ros2_bus/build/camera_ros': CMAKE_PREFIX_PATH=${CMAKE_PREFIX_PATH}:/home/admin/ros2_bus/install/py_bus_perception_logic:/home/admin/ros2_bus/install/py_bus_perception_hw:/home/admin/ros2_bus/install/py_bus_nav:/home/admin/ros2_bus/install/py_bus_localisation_logic:/home/admin/ros2_bus/install/py_bus_localisation_hw:/home/admin/ros2_bus/install/py_bus_hmi:/home/admin/ros2_bus/install/py_bus_driver:/home/admin/ros2_bus/install/py_bus_controller:/home/admin/ros2_bus/install/py_bus_bringup:/home/admin/ros2_bus/install/py_bus_behavior:/opt/ros/kilted /usr/bin/cmake --install /home/admin/ros2_bus/build/camera_ros
[59.375s] -- Install configuration: ""
[59.376s] -- Execute custom install script
[59.376s] -- Symlinking: /home/admin/ros2_bus/install/camera_ros/lib/camera_ros/camera_node
[59.396s] -- Symlinking: /home/admin/ros2_bus/install/camera_ros/share/camera_ros/environment/library_path.sh
[59.415s] -- Symlinking: /home/admin/ros2_bus/install/camera_ros/share/camera_ros/environment/library_path.dsv
[59.434s] -- Symlinking: /home/admin/ros2_bus/install/camera_ros/share/camera_ros//launch/camera.launch.py
[59.453s] -- Symlinking: /home/admin/ros2_bus/install/camera_ros/share/ament_index/resource_index/package_run_dependencies/camera_ros
[59.472s] -- Symlinking: /home/admin/ros2_bus/install/camera_ros/share/ament_index/resource_index/parent_prefix_path/camera_ros
[59.492s] -- Symlinking: /home/admin/ros2_bus/install/camera_ros/share/camera_ros/environment/ament_prefix_path.sh
[59.512s] -- Symlinking: /home/admin/ros2_bus/install/camera_ros/share/camera_ros/environment/ament_prefix_path.dsv
[59.531s] -- Symlinking: /home/admin/ros2_bus/install/camera_ros/share/camera_ros/environment/path.sh
[59.551s] -- Symlinking: /home/admin/ros2_bus/install/camera_ros/share/camera_ros/environment/path.dsv
[59.570s] -- Symlinking: /home/admin/ros2_bus/install/camera_ros/share/camera_ros/local_setup.bash
[59.589s] -- Symlinking: /home/admin/ros2_bus/install/camera_ros/share/camera_ros/local_setup.sh
[59.608s] -- Symlinking: /home/admin/ros2_bus/install/camera_ros/share/camera_ros/local_setup.zsh
[59.627s] -- Symlinking: /home/admin/ros2_bus/install/camera_ros/share/camera_ros/local_setup.dsv
[59.647s] -- Symlinking: /home/admin/ros2_bus/install/camera_ros/share/camera_ros/package.dsv
[59.666s] -- Symlinking: /home/admin/ros2_bus/install/camera_ros/share/ament_index/resource_index/packages/camera_ros
[59.686s] -- Symlinking: /home/admin/ros2_bus/install/camera_ros/share/ament_index/resource_index/rclcpp_components/camera_ros
[59.705s] -- Symlinking: /home/admin/ros2_bus/install/camera_ros/share/camera_ros/cmake/ament_cmake_export_targets-extras.cmake
[59.724s] -- Symlinking: /home/admin/ros2_bus/install/camera_ros/share/camera_ros/cmake/ament_cmake_export_dependencies-extras.cmake
[59.744s] -- Symlinking: /home/admin/ros2_bus/install/camera_ros/share/camera_ros/cmake/camera_rosConfig.cmake
[59.762s] -- Symlinking: /home/admin/ros2_bus/install/camera_ros/share/camera_ros/cmake/camera_rosConfig-version.cmake
[59.780s] -- Symlinking: /home/admin/ros2_bus/install/camera_ros/share/camera_ros/package.xml
[59.800s] -- Installing: /home/admin/ros2_bus/install/camera_ros/lib/libcamera_component.so
[59.811s] -- Set non-toolchain portion of runtime path of "/home/admin/ros2_bus/install/camera_ros/lib/libcamera_component.so" to ""
[59.811s] -- Installing: /home/admin/ros2_bus/install/camera_ros/share/camera_ros/cmake/camera_componentTargetsExport.cmake
[59.811s] -- Installing: /home/admin/ros2_bus/install/camera_ros/share/camera_ros/cmake/camera_componentTargetsExport-noconfig.cmake
[59.815s] Invoked command in '/home/admin/ros2_bus/build/camera_ros' returned '0': CMAKE_PREFIX_PATH=${CMAKE_PREFIX_PATH}:/home/admin/ros2_bus/install/py_bus_perception_logic:/home/admin/ros2_bus/install/py_bus_perception_hw:/home/admin/ros2_bus/install/py_bus_nav:/home/admin/ros2_bus/install/py_bus_localisation_logic:/home/admin/ros2_bus/install/py_bus_localisation_hw:/home/admin/ros2_bus/install/py_bus_hmi:/home/admin/ros2_bus/install/py_bus_driver:/home/admin/ros2_bus/install/py_bus_controller:/home/admin/ros2_bus/install/py_bus_bringup:/home/admin/ros2_bus/install/py_bus_behavior:/opt/ros/kilted /usr/bin/cmake --install /home/admin/ros2_bus/build/camera_ros
