[2.722s] Invoking command in '/home/admin/ros2_bus/build/py_bus_bringup': PYTHONPATH=/home/admin/ros2_bus/build/py_bus_bringup/prefix_override:/usr/lib/python3/dist-packages/colcon_core/task/python/colcon_distutils_commands:/home/admin/ros2_bus/install/py_bus_bringup/lib/python3.12/site-packages:${PYTHONPATH} /usr/bin/python3 -W ignore:setup.py install is deprecated -W ignore:easy_install command is deprecated setup.py develop --editable --build-directory /home/admin/ros2_bus/build/py_bus_bringup/build --no-deps symlink_data
[3.557s] running develop
[4.090s] running egg_info
[4.091s] creating py_bus_bringup.egg-info
[4.152s] writing py_bus_bringup.egg-info/PKG-INFO
[4.153s] writing dependency_links to py_bus_bringup.egg-info/dependency_links.txt
[4.153s] writing requirements to py_bus_bringup.egg-info/requires.txt
[4.153s] writing top-level names to py_bus_bringup.egg-info/top_level.txt
[4.153s] writing manifest file 'py_bus_bringup.egg-info/SOURCES.txt'
[4.266s] reading manifest file 'py_bus_bringup.egg-info/SOURCES.txt'
[4.269s] writing manifest file 'py_bus_bringup.egg-info/SOURCES.txt'
[4.333s] running build_ext
[4.334s] Creating /home/admin/ros2_bus/install/py_bus_bringup/lib/python3.12/site-packages/py-bus-bringup.egg-link (link to .)
[4.339s] 
[4.339s] Installed /home/admin/ros2_bus/build/py_bus_bringup
[4.339s] running symlink_data
[4.340s] creating /home/admin/ros2_bus/install/py_bus_bringup/share/ament_index
[4.342s] creating /home/admin/ros2_bus/install/py_bus_bringup/share/ament_index/resource_index
[4.342s] creating /home/admin/ros2_bus/install/py_bus_bringup/share/ament_index/resource_index/packages
[4.342s] symbolically linking /home/admin/ros2_bus/build/py_bus_bringup/resource/py_bus_bringup -> /home/admin/ros2_bus/install/py_bus_bringup/share/ament_index/resource_index/packages
[4.344s] symbolically linking /home/admin/ros2_bus/build/py_bus_bringup/package.xml -> /home/admin/ros2_bus/install/py_bus_bringup/share/py_bus_bringup
[4.345s] creating /home/admin/ros2_bus/install/py_bus_bringup/share/py_bus_bringup/launch
[4.346s] symbolically linking /home/admin/ros2_bus/build/py_bus_bringup/launch/bringup.launch.py -> /home/admin/ros2_bus/install/py_bus_bringup/share/py_bus_bringup/launch
[4.603s] Invoked command in '/home/admin/ros2_bus/build/py_bus_bringup' returned '0': PYTHONPATH=/home/admin/ros2_bus/build/py_bus_bringup/prefix_override:/usr/lib/python3/dist-packages/colcon_core/task/python/colcon_distutils_commands:/home/admin/ros2_bus/install/py_bus_bringup/lib/python3.12/site-packages:${PYTHONPATH} /usr/bin/python3 -W ignore:setup.py install is deprecated -W ignore:easy_install command is deprecated setup.py develop --editable --build-directory /home/admin/ros2_bus/build/py_bus_bringup/build --no-deps symlink_data
