[1.663s] Invoking command in '/home/admin/ros2_bus/build/py_bus_localisation_hw': PYTHONPATH=/home/admin/ros2_bus/build/py_bus_localisation_hw/prefix_override:/usr/lib/python3/dist-packages/colcon_core/task/python/colcon_distutils_commands:/home/admin/ros2_bus/install/py_bus_localisation_hw/lib/python3.12/site-packages:/home/admin/ros2_bus/install/py_bus_interfaces/lib/python3.12/site-packages:/home/admin/ros2_bus/build/py_bus_perception_logic:/home/admin/ros2_bus/install/py_bus_perception_logic/lib/python3.12/site-packages:/home/admin/ros2_bus/build/py_bus_perception_hw:/home/admin/ros2_bus/install/py_bus_perception_hw/lib/python3.12/site-packages:/home/admin/ros2_bus/build/py_bus_nav:/home/admin/ros2_bus/install/py_bus_nav/lib/python3.12/site-packages:/home/admin/ros2_bus/build/py_bus_localisation_logic:/home/admin/ros2_bus/install/py_bus_localisation_logic/lib/python3.12/site-packages:/home/admin/ros2_bus/build/py_bus_localisation_hw:/home/admin/ros2_bus/install/py_bus_localisation_hw/lib/python3.12/site-packages:/home/admin/ros2_bus/build/py_bus_hmi:/home/admin/ros2_bus/install/py_bus_hmi/lib/python3.12/site-packages:/home/admin/ros2_bus/build/py_bus_driver:/home/admin/ros2_bus/install/py_bus_driver/lib/python3.12/site-packages:/home/admin/ros2_bus/build/py_bus_controller:/home/admin/ros2_bus/install/py_bus_controller/lib/python3.12/site-packages:/home/admin/ros2_bus/build/py_bus_bringup:/home/admin/ros2_bus/install/py_bus_bringup/lib/python3.12/site-packages:/home/admin/ros2_bus/build/py_bus_behavior:/home/admin/ros2_bus/install/py_bus_behavior/lib/python3.12/site-packages:/opt/ros/kilted/lib/python3.12/site-packages /usr/bin/python3 -W ignore:setup.py install is deprecated -W ignore:easy_install command is deprecated setup.py develop --editable --build-directory /home/admin/ros2_bus/build/py_bus_localisation_hw/build --no-deps symlink_data
[2.292s] running develop
[2.699s] running egg_info
[2.699s] creating py_bus_localisation_hw.egg-info
[2.738s] writing py_bus_localisation_hw.egg-info/PKG-INFO
[2.738s] writing dependency_links to py_bus_localisation_hw.egg-info/dependency_links.txt
[2.738s] writing entry points to py_bus_localisation_hw.egg-info/entry_points.txt
[2.739s] writing requirements to py_bus_localisation_hw.egg-info/requires.txt
[2.739s] writing top-level names to py_bus_localisation_hw.egg-info/top_level.txt
[2.739s] writing manifest file 'py_bus_localisation_hw.egg-info/SOURCES.txt'
[2.819s] reading manifest file 'py_bus_localisation_hw.egg-info/SOURCES.txt'
[2.820s] writing manifest file 'py_bus_localisation_hw.egg-info/SOURCES.txt'
[2.864s] running build_ext
[2.864s] Creating /home/admin/ros2_bus/install/py_bus_localisation_hw/lib/python3.12/site-packages/py-bus-localisation-hw.egg-link (link to .)
[2.865s] Installing imu_node script to /home/admin/ros2_bus/install/py_bus_localisation_hw/lib/py_bus_localisation_hw
[2.865s] Installing uwb_node script to /home/admin/ros2_bus/install/py_bus_localisation_hw/lib/py_bus_localisation_hw
[2.866s] 
[2.866s] Installed /home/admin/ros2_bus/build/py_bus_localisation_hw
[2.866s] running symlink_data
[2.866s] creating /home/admin/ros2_bus/install/py_bus_localisation_hw/share/ament_index
[2.866s] creating /home/admin/ros2_bus/install/py_bus_localisation_hw/share/ament_index/resource_index
[2.866s] creating /home/admin/ros2_bus/install/py_bus_localisation_hw/share/ament_index/resource_index/packages
[2.867s] symbolically linking /home/admin/ros2_bus/build/py_bus_localisation_hw/resource/py_bus_localisation_hw -> /home/admin/ros2_bus/install/py_bus_localisation_hw/share/ament_index/resource_index/packages
[2.867s] symbolically linking /home/admin/ros2_bus/build/py_bus_localisation_hw/package.xml -> /home/admin/ros2_bus/install/py_bus_localisation_hw/share/py_bus_localisation_hw
[2.993s] Invoked command in '/home/admin/ros2_bus/build/py_bus_localisation_hw' returned '0': PYTHONPATH=/home/admin/ros2_bus/build/py_bus_localisation_hw/prefix_override:/usr/lib/python3/dist-packages/colcon_core/task/python/colcon_distutils_commands:/home/admin/ros2_bus/install/py_bus_localisation_hw/lib/python3.12/site-packages:/home/admin/ros2_bus/install/py_bus_interfaces/lib/python3.12/site-packages:/home/admin/ros2_bus/build/py_bus_perception_logic:/home/admin/ros2_bus/install/py_bus_perception_logic/lib/python3.12/site-packages:/home/admin/ros2_bus/build/py_bus_perception_hw:/home/admin/ros2_bus/install/py_bus_perception_hw/lib/python3.12/site-packages:/home/admin/ros2_bus/build/py_bus_nav:/home/admin/ros2_bus/install/py_bus_nav/lib/python3.12/site-packages:/home/admin/ros2_bus/build/py_bus_localisation_logic:/home/admin/ros2_bus/install/py_bus_localisation_logic/lib/python3.12/site-packages:/home/admin/ros2_bus/build/py_bus_localisation_hw:/home/admin/ros2_bus/install/py_bus_localisation_hw/lib/python3.12/site-packages:/home/admin/ros2_bus/build/py_bus_hmi:/home/admin/ros2_bus/install/py_bus_hmi/lib/python3.12/site-packages:/home/admin/ros2_bus/build/py_bus_driver:/home/admin/ros2_bus/install/py_bus_driver/lib/python3.12/site-packages:/home/admin/ros2_bus/build/py_bus_controller:/home/admin/ros2_bus/install/py_bus_controller/lib/python3.12/site-packages:/home/admin/ros2_bus/build/py_bus_bringup:/home/admin/ros2_bus/install/py_bus_bringup/lib/python3.12/site-packages:/home/admin/ros2_bus/build/py_bus_behavior:/home/admin/ros2_bus/install/py_bus_behavior/lib/python3.12/site-packages:/opt/ros/kilted/lib/python3.12/site-packages /usr/bin/python3 -W ignore:setup.py install is deprecated -W ignore:easy_install command is deprecated setup.py develop --editable --build-directory /home/admin/ros2_bus/build/py_bus_localisation_hw/build --no-deps symlink_data
