[2.977s] Invoking command in '/home/admin/ros2_bus/build/py_bus_driver': PYTHONPATH=/home/admin/ros2_bus/build/py_bus_driver/prefix_override:/usr/lib/python3/dist-packages/colcon_core/task/python/colcon_distutils_commands:/home/admin/ros2_bus/install/py_bus_driver/lib/python3.12/site-packages:${PYTHONPATH} /usr/bin/python3 -W ignore:setup.py install is deprecated -W ignore:easy_install command is deprecated setup.py develop --editable --build-directory /home/admin/ros2_bus/build/py_bus_driver/build --no-deps symlink_data
[3.903s] running develop
[4.471s] running egg_info
[4.471s] creating py_bus_driver.egg-info
[4.529s] writing py_bus_driver.egg-info/PKG-INFO
[4.531s] writing dependency_links to py_bus_driver.egg-info/dependency_links.txt
[4.531s] writing entry points to py_bus_driver.egg-info/entry_points.txt
[4.531s] writing requirements to py_bus_driver.egg-info/requires.txt
[4.531s] writing top-level names to py_bus_driver.egg-info/top_level.txt
[4.531s] writing manifest file 'py_bus_driver.egg-info/SOURCES.txt'
[4.640s] reading manifest file 'py_bus_driver.egg-info/SOURCES.txt'
[4.641s] writing manifest file 'py_bus_driver.egg-info/SOURCES.txt'
[4.712s] running build_ext
[4.713s] Creating /home/admin/ros2_bus/install/py_bus_driver/lib/python3.12/site-packages/py-bus-driver.egg-link (link to .)
[4.714s] Installing cmd_vel_to_ackermann script to /home/admin/ros2_bus/install/py_bus_driver/lib/py_bus_driver
[4.717s] Installing drive_mode_arbiter script to /home/admin/ros2_bus/install/py_bus_driver/lib/py_bus_driver
[4.719s] Installing driver_node script to /home/admin/ros2_bus/install/py_bus_driver/lib/py_bus_driver
[4.719s] 
[4.719s] Installed /home/admin/ros2_bus/build/py_bus_driver
[4.720s] running symlink_data
[4.720s] creating /home/admin/ros2_bus/install/py_bus_driver/share/ament_index
[4.720s] creating /home/admin/ros2_bus/install/py_bus_driver/share/ament_index/resource_index
[4.720s] creating /home/admin/ros2_bus/install/py_bus_driver/share/ament_index/resource_index/packages
[4.722s] symbolically linking /home/admin/ros2_bus/build/py_bus_driver/resource/py_bus_driver -> /home/admin/ros2_bus/install/py_bus_driver/share/ament_index/resource_index/packages
[4.723s] symbolically linking /home/admin/ros2_bus/build/py_bus_driver/package.xml -> /home/admin/ros2_bus/install/py_bus_driver/share/py_bus_driver
[5.361s] Invoked command in '/home/admin/ros2_bus/build/py_bus_driver' returned '0': PYTHONPATH=/home/admin/ros2_bus/build/py_bus_driver/prefix_override:/usr/lib/python3/dist-packages/colcon_core/task/python/colcon_distutils_commands:/home/admin/ros2_bus/install/py_bus_driver/lib/python3.12/site-packages:${PYTHONPATH} /usr/bin/python3 -W ignore:setup.py install is deprecated -W ignore:easy_install command is deprecated setup.py develop --editable --build-directory /home/admin/ros2_bus/build/py_bus_driver/build --no-deps symlink_data
