[0.036s] Invoking command in '/home/admin/ros2_bus/build/py_bus_interfaces': CMAKE_PREFIX_PATH=${CMAKE_PREFIX_PATH}:/home/admin/ros2_bus/install/py_bus_perception_logic:/home/admin/ros2_bus/install/py_bus_perception_hw:/home/admin/ros2_bus/install/py_bus_nav:/home/admin/ros2_bus/install/py_bus_localisation_logic:/home/admin/ros2_bus/install/py_bus_localisation_hw:/home/admin/ros2_bus/install/py_bus_hmi:/home/admin/ros2_bus/install/py_bus_driver:/home/admin/ros2_bus/install/py_bus_controller:/home/admin/ros2_bus/install/py_bus_bringup:/home/admin/ros2_bus/install/py_bus_behavior:/opt/ros/kilted /usr/bin/cmake /home/admin/ros2_bus/src/py_bus_interfaces -DAMENT_CMAKE_SYMLINK_INSTALL=1 -DCMAKE_INSTALL_PREFIX=/home/admin/ros2_bus/install/py_bus_interfaces
[0.611s] -- The C compiler identification is GNU 13.3.0
[0.611s] -- The CXX compiler identification is GNU 13.3.0
[0.611s] -- Detecting C compiler ABI info
[0.611s] -- Detecting C compiler ABI info - done
[0.611s] -- Check for working C compiler: /usr/bin/cc - skipped
[0.611s] -- Detecting C compile features
[0.611s] -- Detecting C compile features - done
[0.612s] -- Detecting CXX compiler ABI info
[0.818s] -- Detecting CXX compiler ABI info - done
[0.833s] -- Check for working CXX compiler: /usr/bin/c++ - skipped
[0.833s] -- Detecting CXX compile features
[0.833s] -- Detecting CXX compile features - done
[0.840s] -- Found ament_cmake: 2.7.5 (/opt/ros/kilted/share/ament_cmake/cmake)
[1.189s] -- Found Python3: /usr/bin/python3 (found version "3.12.3") found components: Interpreter 
[1.432s] -- Override CMake install command with custom implementation using symlinks instead of copying resources
[1.558s] -- Found rosidl_default_generators: 1.7.2 (/opt/ros/kilted/share/rosidl_default_generators/cmake)
[1.576s] -- Using all available rosidl_typesupport_c: rosidl_typesupport_fastrtps_c;rosidl_typesupport_introspection_c
[1.676s] -- Using all available rosidl_typesupport_cpp: rosidl_typesupport_fastrtps_cpp;rosidl_typesupport_introspection_cpp
[1.790s] -- Found rosidl_adapter: 4.9.6 (/opt/ros/kilted/share/rosidl_adapter/cmake)
[1.801s] -- Found builtin_interfaces: 2.3.1 (/opt/ros/kilted/share/builtin_interfaces/cmake)
[3.288s] -- Found ament_cmake_ros_core: 0.14.7 (/opt/ros/kilted/share/ament_cmake_ros_core/cmake)
[4.243s] -- Using all available rosidl_typesupport_c: rosidl_typesupport_fastrtps_c;rosidl_typesupport_introspection_c
[5.575s] -- Using all available rosidl_typesupport_cpp: rosidl_typesupport_fastrtps_cpp;rosidl_typesupport_introspection_cpp
[6.840s] -- Found Python3: /usr/bin/python3 (found version "3.12.3") found components: Interpreter Development NumPy Development.Module Development.Embed 
[6.978s] -- Found Python3: /usr/bin/python3 (found version "3.12.3") found components: Interpreter 
[6.990s] -- Found ament_lint_auto: 0.19.2 (/opt/ros/kilted/share/ament_lint_auto/cmake)
[7.060s] -- Added test 'lint_cmake' to check CMake code style
[7.063s] -- Added test 'xmllint' to check XML markup files
[7.073s] -- Configuring done (7.0s)
[7.171s] -- Generating done (0.1s)
[7.201s] -- Build files have been written to: /home/admin/ros2_bus/build/py_bus_interfaces
[7.226s] Invoked command in '/home/admin/ros2_bus/build/py_bus_interfaces' returned '0': CMAKE_PREFIX_PATH=${CMAKE_PREFIX_PATH}:/home/admin/ros2_bus/install/py_bus_perception_logic:/home/admin/ros2_bus/install/py_bus_perception_hw:/home/admin/ros2_bus/install/py_bus_nav:/home/admin/ros2_bus/install/py_bus_localisation_logic:/home/admin/ros2_bus/install/py_bus_localisation_hw:/home/admin/ros2_bus/install/py_bus_hmi:/home/admin/ros2_bus/install/py_bus_driver:/home/admin/ros2_bus/install/py_bus_controller:/home/admin/ros2_bus/install/py_bus_bringup:/home/admin/ros2_bus/install/py_bus_behavior:/opt/ros/kilted /usr/bin/cmake /home/admin/ros2_bus/src/py_bus_interfaces -DAMENT_CMAKE_SYMLINK_INSTALL=1 -DCMAKE_INSTALL_PREFIX=/home/admin/ros2_bus/install/py_bus_interfaces
[7.227s] Invoking command in '/home/admin/ros2_bus/build/py_bus_interfaces': CMAKE_PREFIX_PATH=${CMAKE_PREFIX_PATH}:/home/admin/ros2_bus/install/py_bus_perception_logic:/home/admin/ros2_bus/install/py_bus_perception_hw:/home/admin/ros2_bus/install/py_bus_nav:/home/admin/ros2_bus/install/py_bus_localisation_logic:/home/admin/ros2_bus/install/py_bus_localisation_hw:/home/admin/ros2_bus/install/py_bus_hmi:/home/admin/ros2_bus/install/py_bus_driver:/home/admin/ros2_bus/install/py_bus_controller:/home/admin/ros2_bus/install/py_bus_bringup:/home/admin/ros2_bus/install/py_bus_behavior:/opt/ros/kilted /usr/bin/cmake --build /home/admin/ros2_bus/build/py_bus_interfaces -- -j4 -l4
[7.387s] [  1%] [34m[1mGenerating type hashes for ROS interfaces[0m
[8.072s] [  1%] Built target py_bus_interfaces__rosidl_generator_type_description
[8.146s] [  1%] Built target ament_cmake_python_symlink_py_bus_interfaces
[8.204s] [  3%] [34m[1mGenerating C++ code for ROS interfaces[0m
[9.352s] [  3%] Built target py_bus_interfaces__cpp
[9.880s] running egg_info
[9.881s] creating py_bus_interfaces.egg-info
[9.925s] writing py_bus_interfaces.egg-info/PKG-INFO
[9.928s] writing dependency_links to py_bus_interfaces.egg-info/dependency_links.txt
[9.928s] writing top-level names to py_bus_interfaces.egg-info/top_level.txt
[9.928s] writing manifest file 'py_bus_interfaces.egg-info/SOURCES.txt'
[10.109s] reading manifest file 'py_bus_interfaces.egg-info/SOURCES.txt'
[10.111s] writing manifest file 'py_bus_interfaces.egg-info/SOURCES.txt'
[10.253s] [  3%] Built target ament_cmake_python_build_py_bus_interfaces_egg
[10.283s] [  4%] [34m[1mGenerating C code for ROS interfaces[0m
[11.733s] [  6%] [32mBuilding C object CMakeFiles/py_bus_interfaces__rosidl_generator_c.dir/rosidl_generator_c/py_bus_interfaces/msg/detail/imu_data__description.c.o[0m
[11.831s] [  7%] [32mBuilding C object CMakeFiles/py_bus_interfaces__rosidl_generator_c.dir/rosidl_generator_c/py_bus_interfaces/msg/detail/imu_data__type_support.c.o[0m
[11.909s] [  9%] [32mBuilding C object CMakeFiles/py_bus_interfaces__rosidl_generator_c.dir/rosidl_generator_c/py_bus_interfaces/msg/detail/uwb_data__description.c.o[0m
[12.003s] [ 10%] [32mBuilding C object CMakeFiles/py_bus_interfaces__rosidl_generator_c.dir/rosidl_generator_c/py_bus_interfaces/msg/detail/uwb_data__functions.c.o[0m
[12.108s] [ 12%] [32mBuilding C object CMakeFiles/py_bus_interfaces__rosidl_generator_c.dir/rosidl_generator_c/py_bus_interfaces/msg/detail/uwb_data__type_support.c.o[0m
[12.178s] [ 13%] [32mBuilding C object CMakeFiles/py_bus_interfaces__rosidl_generator_c.dir/rosidl_generator_c/py_bus_interfaces/msg/detail/driver_status__description.c.o[0m
[12.266s] [ 15%] [32mBuilding C object CMakeFiles/py_bus_interfaces__rosidl_generator_c.dir/rosidl_generator_c/py_bus_interfaces/msg/detail/driver_status__functions.c.o[0m
[12.391s] [ 16%] [32mBuilding C object CMakeFiles/py_bus_interfaces__rosidl_generator_c.dir/rosidl_generator_c/py_bus_interfaces/msg/detail/driver_status__type_support.c.o[0m
[12.472s] [ 18%] [32mBuilding C object CMakeFiles/py_bus_interfaces__rosidl_generator_c.dir/rosidl_generator_c/py_bus_interfaces/msg/detail/driver_command__description.c.o[0m
[12.556s] [ 20%] [32mBuilding C object CMakeFiles/py_bus_interfaces__rosidl_generator_c.dir/rosidl_generator_c/py_bus_interfaces/msg/detail/driver_command__functions.c.o[0m
[12.672s] [ 21%] [32mBuilding C object CMakeFiles/py_bus_interfaces__rosidl_generator_c.dir/rosidl_generator_c/py_bus_interfaces/msg/detail/driver_command__type_support.c.o[0m
[12.747s] [ 23%] [32mBuilding C object CMakeFiles/py_bus_interfaces__rosidl_generator_c.dir/rosidl_generator_c/py_bus_interfaces/msg/detail/imu_data__functions.c.o[0m
[12.856s] [ 24%] [32m[1mLinking C shared library libpy_bus_interfaces__rosidl_generator_c.so[0m
[12.967s] [ 24%] Built target py_bus_interfaces__rosidl_generator_c
[13.019s] [ 26%] [34m[1mGenerating Rust code for ROS interfaces[0m
[13.678s] [ 26%] Built target py_bus_interfaces__rs
[13.713s] [ 27%] [34m[1mGenerating C++ type support for eProsima Fast-RTPS[0m
[14.715s] [ 29%] [32mBuilding CXX object CMakeFiles/py_bus_interfaces__rosidl_typesupport_fastrtps_cpp.dir/rosidl_typesupport_fastrtps_cpp/py_bus_interfaces/msg/detail/dds_fastrtps/imu_data__type_support.cpp.o[0m
[15.902s] [ 30%] [32mBuilding CXX object CMakeFiles/py_bus_interfaces__rosidl_typesupport_fastrtps_cpp.dir/rosidl_typesupport_fastrtps_cpp/py_bus_interfaces/msg/detail/dds_fastrtps/uwb_data__type_support.cpp.o[0m
[17.059s] [ 32%] [32mBuilding CXX object CMakeFiles/py_bus_interfaces__rosidl_typesupport_fastrtps_cpp.dir/rosidl_typesupport_fastrtps_cpp/py_bus_interfaces/msg/detail/dds_fastrtps/driver_status__type_support.cpp.o[0m
[18.178s] [ 33%] [32mBuilding CXX object CMakeFiles/py_bus_interfaces__rosidl_typesupport_fastrtps_cpp.dir/rosidl_typesupport_fastrtps_cpp/py_bus_interfaces/msg/detail/dds_fastrtps/driver_command__type_support.cpp.o[0m
[19.305s] [ 35%] [32m[1mLinking CXX shared library libpy_bus_interfaces__rosidl_typesupport_fastrtps_cpp.so[0m
[19.501s] [ 35%] Built target py_bus_interfaces__rosidl_typesupport_fastrtps_cpp
[19.523s] [ 36%] [34m[1mGenerating C++ introspection for ROS interfaces[0m
[20.182s] [ 38%] [32mBuilding CXX object CMakeFiles/py_bus_interfaces__rosidl_typesupport_introspection_cpp.dir/rosidl_typesupport_introspection_cpp/py_bus_interfaces/msg/detail/imu_data__type_support.cpp.o[0m
[20.746s] [ 40%] [32mBuilding CXX object CMakeFiles/py_bus_interfaces__rosidl_typesupport_introspection_cpp.dir/rosidl_typesupport_introspection_cpp/py_bus_interfaces/msg/detail/uwb_data__type_support.cpp.o[0m
[21.285s] [ 41%] [32mBuilding CXX object CMakeFiles/py_bus_interfaces__rosidl_typesupport_introspection_cpp.dir/rosidl_typesupport_introspection_cpp/py_bus_interfaces/msg/detail/driver_status__type_support.cpp.o[0m
[21.827s] [ 43%] [32mBuilding CXX object CMakeFiles/py_bus_interfaces__rosidl_typesupport_introspection_cpp.dir/rosidl_typesupport_introspection_cpp/py_bus_interfaces/msg/detail/driver_command__type_support.cpp.o[0m
[22.368s] [ 44%] [32m[1mLinking CXX shared library libpy_bus_interfaces__rosidl_typesupport_introspection_cpp.so[0m
[22.533s] [ 44%] Built target py_bus_interfaces__rosidl_typesupport_introspection_cpp
[22.555s] [ 46%] [34m[1mGenerating C++ type support dispatch for ROS interfaces[0m
[23.086s] [ 47%] [32mBuilding CXX object CMakeFiles/py_bus_interfaces__rosidl_typesupport_cpp.dir/rosidl_typesupport_cpp/py_bus_interfaces/msg/imu_data__type_support.cpp.o[0m
[23.558s] [ 49%] [32mBuilding CXX object CMakeFiles/py_bus_interfaces__rosidl_typesupport_cpp.dir/rosidl_typesupport_cpp/py_bus_interfaces/msg/uwb_data__type_support.cpp.o[0m
[24.053s] [ 50%] [32mBuilding CXX object CMakeFiles/py_bus_interfaces__rosidl_typesupport_cpp.dir/rosidl_typesupport_cpp/py_bus_interfaces/msg/driver_status__type_support.cpp.o[0m
[24.533s] [ 52%] [32mBuilding CXX object CMakeFiles/py_bus_interfaces__rosidl_typesupport_cpp.dir/rosidl_typesupport_cpp/py_bus_interfaces/msg/driver_command__type_support.cpp.o[0m
[25.013s] [ 53%] [32m[1mLinking CXX shared library libpy_bus_interfaces__rosidl_typesupport_cpp.so[0m
[25.098s] [ 53%] Built target py_bus_interfaces__rosidl_typesupport_cpp
[25.121s] [ 55%] [34m[1mGenerating C type support for eProsima Fast-RTPS[0m
[25.847s] [ 56%] [32mBuilding CXX object CMakeFiles/py_bus_interfaces__rosidl_typesupport_fastrtps_c.dir/rosidl_typesupport_fastrtps_c/py_bus_interfaces/msg/detail/imu_data__type_support_c.cpp.o[0m
[26.570s] [ 58%] [32mBuilding CXX object CMakeFiles/py_bus_interfaces__rosidl_typesupport_fastrtps_c.dir/rosidl_typesupport_fastrtps_c/py_bus_interfaces/msg/detail/uwb_data__type_support_c.cpp.o[0m
[27.266s] [ 60%] [32mBuilding CXX object CMakeFiles/py_bus_interfaces__rosidl_typesupport_fastrtps_c.dir/rosidl_typesupport_fastrtps_c/py_bus_interfaces/msg/detail/driver_status__type_support_c.cpp.o[0m
[27.978s] [ 61%] [32mBuilding CXX object CMakeFiles/py_bus_interfaces__rosidl_typesupport_fastrtps_c.dir/rosidl_typesupport_fastrtps_c/py_bus_interfaces/msg/detail/driver_command__type_support_c.cpp.o[0m
[28.671s] [ 63%] [32m[1mLinking CXX shared library libpy_bus_interfaces__rosidl_typesupport_fastrtps_c.so[0m
[28.838s] [ 63%] Built target py_bus_interfaces__rosidl_typesupport_fastrtps_c
[28.860s] [ 64%] [34m[1mGenerating C type support dispatch for ROS interfaces[0m
[29.378s] [ 66%] [32mBuilding CXX object CMakeFiles/py_bus_interfaces__rosidl_typesupport_c.dir/rosidl_typesupport_c/py_bus_interfaces/msg/imu_data__type_support.cpp.o[0m
[29.455s] [ 67%] [32mBuilding CXX object CMakeFiles/py_bus_interfaces__rosidl_typesupport_c.dir/rosidl_typesupport_c/py_bus_interfaces/msg/driver_status__type_support.cpp.o[0m
[29.531s] [ 69%] [32mBuilding CXX object CMakeFiles/py_bus_interfaces__rosidl_typesupport_c.dir/rosidl_typesupport_c/py_bus_interfaces/msg/driver_command__type_support.cpp.o[0m
[29.607s] [ 70%] [32mBuilding CXX object CMakeFiles/py_bus_interfaces__rosidl_typesupport_c.dir/rosidl_typesupport_c/py_bus_interfaces/msg/uwb_data__type_support.cpp.o[0m
[29.685s] [ 72%] [32m[1mLinking CXX shared library libpy_bus_interfaces__rosidl_typesupport_c.so[0m
[29.765s] [ 72%] Built target py_bus_interfaces__rosidl_typesupport_c
[29.786s] [ 73%] [34m[1mGenerating C introspection for ROS interfaces[0m
[30.416s] [ 75%] [32mBuilding C object CMakeFiles/py_bus_interfaces__rosidl_typesupport_introspection_c.dir/rosidl_typesupport_introspection_c/py_bus_interfaces/msg/detail/imu_data__type_support.c.o[0m
[30.485s] [ 76%] [32mBuilding C object CMakeFiles/py_bus_interfaces__rosidl_typesupport_introspection_c.dir/rosidl_typesupport_introspection_c/py_bus_interfaces/msg/detail/driver_command__type_support.c.o[0m
[30.553s] [ 78%] [32mBuilding C object CMakeFiles/py_bus_interfaces__rosidl_typesupport_introspection_c.dir/rosidl_typesupport_introspection_c/py_bus_interfaces/msg/detail/driver_status__type_support.c.o[0m
[30.622s] [ 80%] [32mBuilding C object CMakeFiles/py_bus_interfaces__rosidl_typesupport_introspection_c.dir/rosidl_typesupport_introspection_c/py_bus_interfaces/msg/detail/uwb_data__type_support.c.o[0m
[30.690s] [ 81%] [32m[1mLinking C shared library libpy_bus_interfaces__rosidl_typesupport_introspection_c.so[0m
[30.757s] [ 81%] Built target py_bus_interfaces__rosidl_typesupport_introspection_c
[30.798s] [ 81%] Built target py_bus_interfaces
[30.839s] [ 83%] [34m[1mGenerating Python code for ROS interfaces[0m
[31.786s] [ 83%] Built target py_bus_interfaces__py
[31.828s] [ 84%] [32mBuilding C object CMakeFiles/py_bus_interfaces__rosidl_generator_py.dir/rosidl_generator_py/py_bus_interfaces/msg/_imu_data_s.c.o[0m
[32.042s] [ 86%] [32mBuilding C object CMakeFiles/py_bus_interfaces__rosidl_generator_py.dir/rosidl_generator_py/py_bus_interfaces/msg/_driver_command_s.c.o[0m
[32.241s] [ 87%] [32mBuilding C object CMakeFiles/py_bus_interfaces__rosidl_generator_py.dir/rosidl_generator_py/py_bus_interfaces/msg/_driver_status_s.c.o[0m
[32.459s] [ 89%] [32mBuilding C object CMakeFiles/py_bus_interfaces__rosidl_generator_py.dir/rosidl_generator_py/py_bus_interfaces/msg/_uwb_data_s.c.o[0m
[32.657s] [ 90%] [32m[1mLinking C shared library libpy_bus_interfaces__rosidl_generator_py.so[0m
[32.748s] [ 90%] Built target py_bus_interfaces__rosidl_generator_py
[32.790s] [ 92%] [32mBuilding C object CMakeFiles/py_bus_interfaces_s__rosidl_typesupport_fastrtps_c.dir/rosidl_generator_py/py_bus_interfaces/_py_bus_interfaces_s.ep.rosidl_typesupport_fastrtps_c.c.o[0m
[32.979s] [ 93%] [32m[1mLinking C shared module rosidl_generator_py/py_bus_interfaces/py_bus_interfaces_s__rosidl_typesupport_fastrtps_c.so[0m
[33.040s] [ 93%] Built target py_bus_interfaces_s__rosidl_typesupport_fastrtps_c
[33.084s] [ 95%] [32mBuilding C object CMakeFiles/py_bus_interfaces_s__rosidl_typesupport_c.dir/rosidl_generator_py/py_bus_interfaces/_py_bus_interfaces_s.ep.rosidl_typesupport_c.c.o[0m
[33.271s] [ 96%] [32m[1mLinking C shared module rosidl_generator_py/py_bus_interfaces/py_bus_interfaces_s__rosidl_typesupport_c.so[0m
[33.335s] [ 96%] Built target py_bus_interfaces_s__rosidl_typesupport_c
[33.378s] [ 98%] [32mBuilding C object CMakeFiles/py_bus_interfaces_s__rosidl_typesupport_introspection_c.dir/rosidl_generator_py/py_bus_interfaces/_py_bus_interfaces_s.ep.rosidl_typesupport_introspection_c.c.o[0m
[33.568s] [100%] [32m[1mLinking C shared module rosidl_generator_py/py_bus_interfaces/py_bus_interfaces_s__rosidl_typesupport_introspection_c.so[0m
[33.629s] [100%] Built target py_bus_interfaces_s__rosidl_typesupport_introspection_c
[33.655s] Invoked command in '/home/admin/ros2_bus/build/py_bus_interfaces' returned '0': CMAKE_PREFIX_PATH=${CMAKE_PREFIX_PATH}:/home/admin/ros2_bus/install/py_bus_perception_logic:/home/admin/ros2_bus/install/py_bus_perception_hw:/home/admin/ros2_bus/install/py_bus_nav:/home/admin/ros2_bus/install/py_bus_localisation_logic:/home/admin/ros2_bus/install/py_bus_localisation_hw:/home/admin/ros2_bus/install/py_bus_hmi:/home/admin/ros2_bus/install/py_bus_driver:/home/admin/ros2_bus/install/py_bus_controller:/home/admin/ros2_bus/install/py_bus_bringup:/home/admin/ros2_bus/install/py_bus_behavior:/opt/ros/kilted /usr/bin/cmake --build /home/admin/ros2_bus/build/py_bus_interfaces -- -j4 -l4
[33.676s] Invoking command in '/home/admin/ros2_bus/build/py_bus_interfaces': CMAKE_PREFIX_PATH=${CMAKE_PREFIX_PATH}:/home/admin/ros2_bus/install/py_bus_perception_logic:/home/admin/ros2_bus/install/py_bus_perception_hw:/home/admin/ros2_bus/install/py_bus_nav:/home/admin/ros2_bus/install/py_bus_localisation_logic:/home/admin/ros2_bus/install/py_bus_localisation_hw:/home/admin/ros2_bus/install/py_bus_hmi:/home/admin/ros2_bus/install/py_bus_driver:/home/admin/ros2_bus/install/py_bus_controller:/home/admin/ros2_bus/install/py_bus_bringup:/home/admin/ros2_bus/install/py_bus_behavior:/opt/ros/kilted /usr/bin/cmake --install /home/admin/ros2_bus/build/py_bus_interfaces
[33.693s] -- Install configuration: ""
[33.694s] -- Execute custom install script
[33.694s] -- Symlinking: /home/admin/ros2_bus/install/py_bus_interfaces/share/ament_index/resource_index/rosidl_interfaces/py_bus_interfaces
[33.715s] -- Symlinking: /home/admin/ros2_bus/install/py_bus_interfaces/share/py_bus_interfaces/msg/ImuData.json
[33.735s] -- Symlinking: /home/admin/ros2_bus/install/py_bus_interfaces/share/py_bus_interfaces/msg/UwbData.json
[33.755s] -- Symlinking: /home/admin/ros2_bus/install/py_bus_interfaces/share/py_bus_interfaces/msg/DriverStatus.json
[33.775s] -- Symlinking: /home/admin/ros2_bus/install/py_bus_interfaces/share/py_bus_interfaces/msg/DriverCommand.json
[33.796s] -- Symlinking: /home/admin/ros2_bus/install/py_bus_interfaces/include/py_bus_interfaces/py_bus_interfaces/msg/detail/driver_command__functions.h
[33.816s] -- Symlinking: /home/admin/ros2_bus/install/py_bus_interfaces/include/py_bus_interfaces/py_bus_interfaces/msg/detail/driver_command__struct.h
[33.836s] -- Symlinking: /home/admin/ros2_bus/install/py_bus_interfaces/include/py_bus_interfaces/py_bus_interfaces/msg/detail/driver_command__type_support.h
[33.856s] -- Symlinking: /home/admin/ros2_bus/install/py_bus_interfaces/include/py_bus_interfaces/py_bus_interfaces/msg/detail/driver_status__functions.h
[33.876s] -- Symlinking: /home/admin/ros2_bus/install/py_bus_interfaces/include/py_bus_interfaces/py_bus_interfaces/msg/detail/driver_status__struct.h
[33.896s] -- Symlinking: /home/admin/ros2_bus/install/py_bus_interfaces/include/py_bus_interfaces/py_bus_interfaces/msg/detail/driver_status__type_support.h
[33.916s] -- Symlinking: /home/admin/ros2_bus/install/py_bus_interfaces/include/py_bus_interfaces/py_bus_interfaces/msg/detail/imu_data__functions.h
[33.935s] -- Symlinking: /home/admin/ros2_bus/install/py_bus_interfaces/include/py_bus_interfaces/py_bus_interfaces/msg/detail/imu_data__struct.h
[33.954s] -- Symlinking: /home/admin/ros2_bus/install/py_bus_interfaces/include/py_bus_interfaces/py_bus_interfaces/msg/detail/imu_data__type_support.h
[33.975s] -- Symlinking: /home/admin/ros2_bus/install/py_bus_interfaces/include/py_bus_interfaces/py_bus_interfaces/msg/detail/uwb_data__functions.h
[33.994s] -- Symlinking: /home/admin/ros2_bus/install/py_bus_interfaces/include/py_bus_interfaces/py_bus_interfaces/msg/detail/uwb_data__struct.h
[34.014s] -- Symlinking: /home/admin/ros2_bus/install/py_bus_interfaces/include/py_bus_interfaces/py_bus_interfaces/msg/detail/uwb_data__type_support.h
[34.034s] -- Symlinking: /home/admin/ros2_bus/install/py_bus_interfaces/include/py_bus_interfaces/py_bus_interfaces/msg/driver_command.h
[34.052s] -- Symlinking: /home/admin/ros2_bus/install/py_bus_interfaces/include/py_bus_interfaces/py_bus_interfaces/msg/driver_status.h
[34.071s] -- Symlinking: /home/admin/ros2_bus/install/py_bus_interfaces/include/py_bus_interfaces/py_bus_interfaces/msg/imu_data.h
[34.088s] -- Symlinking: /home/admin/ros2_bus/install/py_bus_interfaces/include/py_bus_interfaces/py_bus_interfaces/msg/rosidl_generator_c__visibility_control.h
[34.106s] -- Symlinking: /home/admin/ros2_bus/install/py_bus_interfaces/include/py_bus_interfaces/py_bus_interfaces/msg/uwb_data.h
[34.125s] -- Symlinking: /home/admin/ros2_bus/install/py_bus_interfaces/share/py_bus_interfaces/environment/library_path.sh
[34.146s] -- Symlinking: /home/admin/ros2_bus/install/py_bus_interfaces/share/py_bus_interfaces/environment/library_path.dsv
[34.169s] -- Symlinking: /home/admin/ros2_bus/install/py_bus_interfaces/include/py_bus_interfaces/py_bus_interfaces/msg/detail/driver_command__rosidl_typesupport_fastrtps_c.h
[34.190s] -- Symlinking: /home/admin/ros2_bus/install/py_bus_interfaces/include/py_bus_interfaces/py_bus_interfaces/msg/detail/driver_status__rosidl_typesupport_fastrtps_c.h
[34.209s] -- Symlinking: /home/admin/ros2_bus/install/py_bus_interfaces/include/py_bus_interfaces/py_bus_interfaces/msg/detail/imu_data__rosidl_typesupport_fastrtps_c.h
[34.228s] -- Symlinking: /home/admin/ros2_bus/install/py_bus_interfaces/include/py_bus_interfaces/py_bus_interfaces/msg/detail/uwb_data__rosidl_typesupport_fastrtps_c.h
[34.247s] -- Symlinking: /home/admin/ros2_bus/install/py_bus_interfaces/include/py_bus_interfaces/py_bus_interfaces/msg/rosidl_typesupport_fastrtps_c__visibility_control.h
[34.267s] -- Symlinking: /home/admin/ros2_bus/install/py_bus_interfaces/include/py_bus_interfaces/py_bus_interfaces/msg/detail/driver_command__rosidl_typesupport_introspection_c.h
[34.286s] -- Symlinking: /home/admin/ros2_bus/install/py_bus_interfaces/include/py_bus_interfaces/py_bus_interfaces/msg/detail/driver_status__rosidl_typesupport_introspection_c.h
[34.305s] -- Symlinking: /home/admin/ros2_bus/install/py_bus_interfaces/include/py_bus_interfaces/py_bus_interfaces/msg/detail/imu_data__rosidl_typesupport_introspection_c.h
[34.327s] -- Symlinking: /home/admin/ros2_bus/install/py_bus_interfaces/include/py_bus_interfaces/py_bus_interfaces/msg/detail/uwb_data__rosidl_typesupport_introspection_c.h
[34.351s] -- Symlinking: /home/admin/ros2_bus/install/py_bus_interfaces/include/py_bus_interfaces/py_bus_interfaces/msg/rosidl_typesupport_introspection_c__visibility_control.h
[34.373s] -- Symlinking: /home/admin/ros2_bus/install/py_bus_interfaces/include/py_bus_interfaces/py_bus_interfaces/msg/detail/driver_command__builder.hpp
[34.394s] -- Symlinking: /home/admin/ros2_bus/install/py_bus_interfaces/include/py_bus_interfaces/py_bus_interfaces/msg/detail/driver_command__struct.hpp
[34.413s] -- Symlinking: /home/admin/ros2_bus/install/py_bus_interfaces/include/py_bus_interfaces/py_bus_interfaces/msg/detail/driver_command__traits.hpp
[34.434s] -- Symlinking: /home/admin/ros2_bus/install/py_bus_interfaces/include/py_bus_interfaces/py_bus_interfaces/msg/detail/driver_command__type_support.hpp
[34.451s] -- Symlinking: /home/admin/ros2_bus/install/py_bus_interfaces/include/py_bus_interfaces/py_bus_interfaces/msg/detail/driver_status__builder.hpp
[34.470s] -- Symlinking: /home/admin/ros2_bus/install/py_bus_interfaces/include/py_bus_interfaces/py_bus_interfaces/msg/detail/driver_status__struct.hpp
[34.489s] -- Symlinking: /home/admin/ros2_bus/install/py_bus_interfaces/include/py_bus_interfaces/py_bus_interfaces/msg/detail/driver_status__traits.hpp
[34.508s] -- Symlinking: /home/admin/ros2_bus/install/py_bus_interfaces/include/py_bus_interfaces/py_bus_interfaces/msg/detail/driver_status__type_support.hpp
[34.527s] -- Symlinking: /home/admin/ros2_bus/install/py_bus_interfaces/include/py_bus_interfaces/py_bus_interfaces/msg/detail/imu_data__builder.hpp
[34.546s] -- Symlinking: /home/admin/ros2_bus/install/py_bus_interfaces/include/py_bus_interfaces/py_bus_interfaces/msg/detail/imu_data__struct.hpp
[34.566s] -- Symlinking: /home/admin/ros2_bus/install/py_bus_interfaces/include/py_bus_interfaces/py_bus_interfaces/msg/detail/imu_data__traits.hpp
[34.585s] -- Symlinking: /home/admin/ros2_bus/install/py_bus_interfaces/include/py_bus_interfaces/py_bus_interfaces/msg/detail/imu_data__type_support.hpp
[34.603s] -- Symlinking: /home/admin/ros2_bus/install/py_bus_interfaces/include/py_bus_interfaces/py_bus_interfaces/msg/detail/uwb_data__builder.hpp
[34.622s] -- Symlinking: /home/admin/ros2_bus/install/py_bus_interfaces/include/py_bus_interfaces/py_bus_interfaces/msg/detail/uwb_data__struct.hpp
[34.641s] -- Symlinking: /home/admin/ros2_bus/install/py_bus_interfaces/include/py_bus_interfaces/py_bus_interfaces/msg/detail/uwb_data__traits.hpp
[34.661s] -- Symlinking: /home/admin/ros2_bus/install/py_bus_interfaces/include/py_bus_interfaces/py_bus_interfaces/msg/detail/uwb_data__type_support.hpp
[34.680s] -- Symlinking: /home/admin/ros2_bus/install/py_bus_interfaces/include/py_bus_interfaces/py_bus_interfaces/msg/driver_command.hpp
[34.700s] -- Symlinking: /home/admin/ros2_bus/install/py_bus_interfaces/include/py_bus_interfaces/py_bus_interfaces/msg/driver_status.hpp
[34.719s] -- Symlinking: /home/admin/ros2_bus/install/py_bus_interfaces/include/py_bus_interfaces/py_bus_interfaces/msg/imu_data.hpp
[34.739s] -- Symlinking: /home/admin/ros2_bus/install/py_bus_interfaces/include/py_bus_interfaces/py_bus_interfaces/msg/rosidl_generator_cpp__visibility_control.hpp
[34.759s] -- Symlinking: /home/admin/ros2_bus/install/py_bus_interfaces/include/py_bus_interfaces/py_bus_interfaces/msg/uwb_data.hpp
[34.779s] -- Symlinking: /home/admin/ros2_bus/install/py_bus_interfaces/include/py_bus_interfaces/py_bus_interfaces/msg/detail/driver_command__rosidl_typesupport_fastrtps_cpp.hpp
[34.799s] -- Symlinking: /home/admin/ros2_bus/install/py_bus_interfaces/include/py_bus_interfaces/py_bus_interfaces/msg/detail/driver_status__rosidl_typesupport_fastrtps_cpp.hpp
[34.819s] -- Symlinking: /home/admin/ros2_bus/install/py_bus_interfaces/include/py_bus_interfaces/py_bus_interfaces/msg/detail/imu_data__rosidl_typesupport_fastrtps_cpp.hpp
[34.838s] -- Symlinking: /home/admin/ros2_bus/install/py_bus_interfaces/include/py_bus_interfaces/py_bus_interfaces/msg/detail/uwb_data__rosidl_typesupport_fastrtps_cpp.hpp
[34.858s] -- Symlinking: /home/admin/ros2_bus/install/py_bus_interfaces/include/py_bus_interfaces/py_bus_interfaces/msg/rosidl_typesupport_fastrtps_cpp__visibility_control.h
[34.878s] -- Symlinking: /home/admin/ros2_bus/install/py_bus_interfaces/include/py_bus_interfaces/py_bus_interfaces/msg/detail/driver_command__rosidl_typesupport_introspection_cpp.hpp
[34.898s] -- Symlinking: /home/admin/ros2_bus/install/py_bus_interfaces/include/py_bus_interfaces/py_bus_interfaces/msg/detail/driver_status__rosidl_typesupport_introspection_cpp.hpp
[34.918s] -- Symlinking: /home/admin/ros2_bus/install/py_bus_interfaces/include/py_bus_interfaces/py_bus_interfaces/msg/detail/imu_data__rosidl_typesupport_introspection_cpp.hpp
[34.938s] -- Symlinking: /home/admin/ros2_bus/install/py_bus_interfaces/include/py_bus_interfaces/py_bus_interfaces/msg/detail/uwb_data__rosidl_typesupport_introspection_cpp.hpp
[34.958s] -- Symlinking: /home/admin/ros2_bus/install/py_bus_interfaces/share/py_bus_interfaces/environment/pythonpath.sh
[34.978s] -- Symlinking: /home/admin/ros2_bus/install/py_bus_interfaces/share/py_bus_interfaces/environment/pythonpath.dsv
[34.999s] -- Symlinking: /home/admin/ros2_bus/install/py_bus_interfaces/lib/python3.12/site-packages/py_bus_interfaces-0.0.0-py3.12.egg-info/PKG-INFO
[35.020s] -- Symlinking: /home/admin/ros2_bus/install/py_bus_interfaces/lib/python3.12/site-packages/py_bus_interfaces-0.0.0-py3.12.egg-info/SOURCES.txt
[35.040s] -- Symlinking: /home/admin/ros2_bus/install/py_bus_interfaces/lib/python3.12/site-packages/py_bus_interfaces-0.0.0-py3.12.egg-info/dependency_links.txt
[35.060s] -- Symlinking: /home/admin/ros2_bus/install/py_bus_interfaces/lib/python3.12/site-packages/py_bus_interfaces-0.0.0-py3.12.egg-info/top_level.txt
[35.080s] -- Symlinking: /home/admin/ros2_bus/install/py_bus_interfaces/lib/python3.12/site-packages/py_bus_interfaces/__init__.py
[35.099s] -- Symlinking: /home/admin/ros2_bus/install/py_bus_interfaces/lib/python3.12/site-packages/py_bus_interfaces/_py_bus_interfaces_s.ep.rosidl_typesupport_c.c
[35.118s] -- Symlinking: /home/admin/ros2_bus/install/py_bus_interfaces/lib/python3.12/site-packages/py_bus_interfaces/_py_bus_interfaces_s.ep.rosidl_typesupport_fastrtps_c.c
[35.138s] -- Symlinking: /home/admin/ros2_bus/install/py_bus_interfaces/lib/python3.12/site-packages/py_bus_interfaces/_py_bus_interfaces_s.ep.rosidl_typesupport_introspection_c.c
[35.158s] -- Symlinking: /home/admin/ros2_bus/install/py_bus_interfaces/lib/python3.12/site-packages/py_bus_interfaces/msg/__init__.py
[35.178s] -- Symlinking: /home/admin/ros2_bus/install/py_bus_interfaces/lib/python3.12/site-packages/py_bus_interfaces/msg/_driver_command.py
[35.198s] -- Symlinking: /home/admin/ros2_bus/install/py_bus_interfaces/lib/python3.12/site-packages/py_bus_interfaces/msg/_driver_command_s.c
[35.219s] -- Symlinking: /home/admin/ros2_bus/install/py_bus_interfaces/lib/python3.12/site-packages/py_bus_interfaces/msg/_driver_status.py
[35.238s] -- Symlinking: /home/admin/ros2_bus/install/py_bus_interfaces/lib/python3.12/site-packages/py_bus_interfaces/msg/_driver_status_s.c
[35.258s] -- Symlinking: /home/admin/ros2_bus/install/py_bus_interfaces/lib/python3.12/site-packages/py_bus_interfaces/msg/_imu_data.py
[35.278s] -- Symlinking: /home/admin/ros2_bus/install/py_bus_interfaces/lib/python3.12/site-packages/py_bus_interfaces/msg/_imu_data_s.c
[35.298s] -- Symlinking: /home/admin/ros2_bus/install/py_bus_interfaces/lib/python3.12/site-packages/py_bus_interfaces/msg/_uwb_data.py
[35.319s] -- Symlinking: /home/admin/ros2_bus/install/py_bus_interfaces/lib/python3.12/site-packages/py_bus_interfaces/msg/_uwb_data_s.c
[35.339s] -- Symlinking: /home/admin/ros2_bus/install/py_bus_interfaces/lib/python3.12/site-packages/py_bus_interfaces/py_bus_interfaces_s__rosidl_typesupport_c.so
[35.358s] -- Symlinking: /home/admin/ros2_bus/install/py_bus_interfaces/lib/python3.12/site-packages/py_bus_interfaces/py_bus_interfaces_s__rosidl_typesupport_fastrtps_c.so
[35.378s] -- Symlinking: /home/admin/ros2_bus/install/py_bus_interfaces/lib/python3.12/site-packages/py_bus_interfaces/py_bus_interfaces_s__rosidl_typesupport_introspection_c.so
[35.398s] -- Up-to-date symlink: /home/admin/ros2_bus/install/py_bus_interfaces/lib/python3.12/site-packages/py_bus_interfaces/py_bus_interfaces_s__rosidl_typesupport_fastrtps_c.so
[35.398s] -- Up-to-date symlink: /home/admin/ros2_bus/install/py_bus_interfaces/lib/python3.12/site-packages/py_bus_interfaces/py_bus_interfaces_s__rosidl_typesupport_introspection_c.so
[35.399s] -- Up-to-date symlink: /home/admin/ros2_bus/install/py_bus_interfaces/lib/python3.12/site-packages/py_bus_interfaces/py_bus_interfaces_s__rosidl_typesupport_c.so
[35.399s] -- Symlinking: /home/admin/ros2_bus/install/py_bus_interfaces/share/ament_index/resource_index/rust_packages/py_bus_interfaces
[35.419s] -- Symlinking: /home/admin/ros2_bus/install/py_bus_interfaces/share/py_bus_interfaces/rust/Cargo.toml
[35.438s] -- Symlinking: /home/admin/ros2_bus/install/py_bus_interfaces/share/py_bus_interfaces/rust/build.rs
[35.458s] -- Symlinking: /home/admin/ros2_bus/install/py_bus_interfaces/share/py_bus_interfaces/rust/src/lib.rs
[35.478s] -- Symlinking: /home/admin/ros2_bus/install/py_bus_interfaces/share/py_bus_interfaces/rust/src/msg.rs
[35.498s] -- Symlinking: /home/admin/ros2_bus/install/py_bus_interfaces/share/py_bus_interfaces/rust/src/msg/rmw.rs
[35.519s] -- Symlinking: /home/admin/ros2_bus/install/py_bus_interfaces/share/py_bus_interfaces/msg/ImuData.idl
[35.539s] -- Symlinking: /home/admin/ros2_bus/install/py_bus_interfaces/share/py_bus_interfaces/msg/UwbData.idl
[35.559s] -- Symlinking: /home/admin/ros2_bus/install/py_bus_interfaces/share/py_bus_interfaces/msg/DriverStatus.idl
[35.579s] -- Symlinking: /home/admin/ros2_bus/install/py_bus_interfaces/share/py_bus_interfaces/msg/DriverCommand.idl
[35.599s] -- Symlinking: /home/admin/ros2_bus/install/py_bus_interfaces/share/py_bus_interfaces/msg/ImuData.msg
[35.619s] -- Symlinking: /home/admin/ros2_bus/install/py_bus_interfaces/share/py_bus_interfaces/msg/UwbData.msg
[35.639s] -- Symlinking: /home/admin/ros2_bus/install/py_bus_interfaces/share/py_bus_interfaces/msg/DriverStatus.msg
[35.659s] -- Symlinking: /home/admin/ros2_bus/install/py_bus_interfaces/share/py_bus_interfaces/msg/DriverCommand.msg
[35.679s] -- Symlinking: /home/admin/ros2_bus/install/py_bus_interfaces/share/ament_index/resource_index/package_run_dependencies/py_bus_interfaces
[35.699s] -- Symlinking: /home/admin/ros2_bus/install/py_bus_interfaces/share/ament_index/resource_index/parent_prefix_path/py_bus_interfaces
[35.719s] -- Symlinking: /home/admin/ros2_bus/install/py_bus_interfaces/share/py_bus_interfaces/environment/ament_prefix_path.sh
[35.739s] -- Symlinking: /home/admin/ros2_bus/install/py_bus_interfaces/share/py_bus_interfaces/environment/ament_prefix_path.dsv
[35.759s] -- Symlinking: /home/admin/ros2_bus/install/py_bus_interfaces/share/py_bus_interfaces/environment/path.sh
[35.779s] -- Symlinking: /home/admin/ros2_bus/install/py_bus_interfaces/share/py_bus_interfaces/environment/path.dsv
[35.799s] -- Symlinking: /home/admin/ros2_bus/install/py_bus_interfaces/share/py_bus_interfaces/local_setup.bash
[35.819s] -- Symlinking: /home/admin/ros2_bus/install/py_bus_interfaces/share/py_bus_interfaces/local_setup.sh
[35.839s] -- Symlinking: /home/admin/ros2_bus/install/py_bus_interfaces/share/py_bus_interfaces/local_setup.zsh
[35.859s] -- Symlinking: /home/admin/ros2_bus/install/py_bus_interfaces/share/py_bus_interfaces/local_setup.dsv
[35.879s] -- Symlinking: /home/admin/ros2_bus/install/py_bus_interfaces/share/py_bus_interfaces/package.dsv
[35.899s] -- Symlinking: /home/admin/ros2_bus/install/py_bus_interfaces/share/ament_index/resource_index/packages/py_bus_interfaces
[35.919s] -- Symlinking: /home/admin/ros2_bus/install/py_bus_interfaces/share/py_bus_interfaces/cmake/rosidl_cmake-extras.cmake
[35.940s] -- Symlinking: /home/admin/ros2_bus/install/py_bus_interfaces/share/py_bus_interfaces/cmake/ament_cmake_export_dependencies-extras.cmake
[35.960s] -- Symlinking: /home/admin/ros2_bus/install/py_bus_interfaces/share/py_bus_interfaces/cmake/ament_cmake_export_include_directories-extras.cmake
[35.980s] -- Symlinking: /home/admin/ros2_bus/install/py_bus_interfaces/share/py_bus_interfaces/cmake/ament_cmake_export_libraries-extras.cmake
[36.000s] -- Symlinking: /home/admin/ros2_bus/install/py_bus_interfaces/share/py_bus_interfaces/cmake/ament_cmake_export_targets-extras.cmake
[36.021s] -- Symlinking: /home/admin/ros2_bus/install/py_bus_interfaces/share/py_bus_interfaces/cmake/rosidl_cmake_export_typesupport_targets-extras.cmake
[36.040s] -- Symlinking: /home/admin/ros2_bus/install/py_bus_interfaces/share/py_bus_interfaces/cmake/rosidl_cmake_export_typesupport_libraries-extras.cmake
[36.059s] -- Symlinking: /home/admin/ros2_bus/install/py_bus_interfaces/share/py_bus_interfaces/cmake/py_bus_interfacesConfig.cmake
[36.080s] -- Symlinking: /home/admin/ros2_bus/install/py_bus_interfaces/share/py_bus_interfaces/cmake/py_bus_interfacesConfig-version.cmake
[36.100s] -- Symlinking: /home/admin/ros2_bus/install/py_bus_interfaces/share/py_bus_interfaces/package.xml
[36.120s] -- Installing: /home/admin/ros2_bus/install/py_bus_interfaces/lib/libpy_bus_interfaces__rosidl_generator_c.so
[36.121s] -- Set non-toolchain portion of runtime path of "/home/admin/ros2_bus/install/py_bus_interfaces/lib/libpy_bus_interfaces__rosidl_generator_c.so" to ""
[36.121s] -- Installing: /home/admin/ros2_bus/install/py_bus_interfaces/lib/libpy_bus_interfaces__rosidl_typesupport_fastrtps_c.so
[36.122s] -- Set non-toolchain portion of runtime path of "/home/admin/ros2_bus/install/py_bus_interfaces/lib/libpy_bus_interfaces__rosidl_typesupport_fastrtps_c.so" to ""
[36.122s] -- Installing: /home/admin/ros2_bus/install/py_bus_interfaces/lib/libpy_bus_interfaces__rosidl_typesupport_introspection_c.so
[36.122s] -- Set non-toolchain portion of runtime path of "/home/admin/ros2_bus/install/py_bus_interfaces/lib/libpy_bus_interfaces__rosidl_typesupport_introspection_c.so" to ""
[36.123s] -- Installing: /home/admin/ros2_bus/install/py_bus_interfaces/lib/libpy_bus_interfaces__rosidl_typesupport_c.so
[36.123s] -- Set non-toolchain portion of runtime path of "/home/admin/ros2_bus/install/py_bus_interfaces/lib/libpy_bus_interfaces__rosidl_typesupport_c.so" to ""
[36.123s] -- Installing: /home/admin/ros2_bus/install/py_bus_interfaces/lib/libpy_bus_interfaces__rosidl_typesupport_fastrtps_cpp.so
[36.124s] -- Set non-toolchain portion of runtime path of "/home/admin/ros2_bus/install/py_bus_interfaces/lib/libpy_bus_interfaces__rosidl_typesupport_fastrtps_cpp.so" to ""
[36.124s] -- Installing: /home/admin/ros2_bus/install/py_bus_interfaces/lib/libpy_bus_interfaces__rosidl_typesupport_introspection_cpp.so
[36.125s] -- Set non-toolchain portion of runtime path of "/home/admin/ros2_bus/install/py_bus_interfaces/lib/libpy_bus_interfaces__rosidl_typesupport_introspection_cpp.so" to ""
[36.125s] -- Installing: /home/admin/ros2_bus/install/py_bus_interfaces/lib/libpy_bus_interfaces__rosidl_typesupport_cpp.so
[36.126s] -- Set non-toolchain portion of runtime path of "/home/admin/ros2_bus/install/py_bus_interfaces/lib/libpy_bus_interfaces__rosidl_typesupport_cpp.so" to ""
[36.210s] Listing '/home/admin/ros2_bus/install/py_bus_interfaces/lib/python3.12/site-packages/py_bus_interfaces'...
[36.210s] Compiling '/home/admin/ros2_bus/install/py_bus_interfaces/lib/python3.12/site-packages/py_bus_interfaces/__init__.py'...
[36.210s] Listing '/home/admin/ros2_bus/install/py_bus_interfaces/lib/python3.12/site-packages/py_bus_interfaces/msg'...
[36.211s] Compiling '/home/admin/ros2_bus/install/py_bus_interfaces/lib/python3.12/site-packages/py_bus_interfaces/msg/__init__.py'...
[36.211s] Compiling '/home/admin/ros2_bus/install/py_bus_interfaces/lib/python3.12/site-packages/py_bus_interfaces/msg/_driver_command.py'...
[36.211s] Compiling '/home/admin/ros2_bus/install/py_bus_interfaces/lib/python3.12/site-packages/py_bus_interfaces/msg/_driver_status.py'...
[36.212s] Compiling '/home/admin/ros2_bus/install/py_bus_interfaces/lib/python3.12/site-packages/py_bus_interfaces/msg/_imu_data.py'...
[36.212s] Compiling '/home/admin/ros2_bus/install/py_bus_interfaces/lib/python3.12/site-packages/py_bus_interfaces/msg/_uwb_data.py'...
[36.228s] -- Installing: /home/admin/ros2_bus/install/py_bus_interfaces/lib/libpy_bus_interfaces__rosidl_generator_py.so
[36.229s] -- Set non-toolchain portion of runtime path of "/home/admin/ros2_bus/install/py_bus_interfaces/lib/libpy_bus_interfaces__rosidl_generator_py.so" to ""
[36.229s] -- Installing: /home/admin/ros2_bus/install/py_bus_interfaces/share/py_bus_interfaces/cmake/export_py_bus_interfaces__rosidl_generator_cExport.cmake
[36.229s] -- Installing: /home/admin/ros2_bus/install/py_bus_interfaces/share/py_bus_interfaces/cmake/export_py_bus_interfaces__rosidl_generator_cExport-noconfig.cmake
[36.229s] -- Installing: /home/admin/ros2_bus/install/py_bus_interfaces/share/py_bus_interfaces/cmake/export_py_bus_interfaces__rosidl_typesupport_fastrtps_cExport.cmake
[36.230s] -- Installing: /home/admin/ros2_bus/install/py_bus_interfaces/share/py_bus_interfaces/cmake/export_py_bus_interfaces__rosidl_typesupport_fastrtps_cExport-noconfig.cmake
[36.230s] -- Installing: /home/admin/ros2_bus/install/py_bus_interfaces/share/py_bus_interfaces/cmake/py_bus_interfaces__rosidl_typesupport_introspection_cExport.cmake
[36.230s] -- Installing: /home/admin/ros2_bus/install/py_bus_interfaces/share/py_bus_interfaces/cmake/py_bus_interfaces__rosidl_typesupport_introspection_cExport-noconfig.cmake
[36.230s] -- Installing: /home/admin/ros2_bus/install/py_bus_interfaces/share/py_bus_interfaces/cmake/py_bus_interfaces__rosidl_typesupport_cExport.cmake
[36.231s] -- Installing: /home/admin/ros2_bus/install/py_bus_interfaces/share/py_bus_interfaces/cmake/py_bus_interfaces__rosidl_typesupport_cExport-noconfig.cmake
[36.231s] -- Installing: /home/admin/ros2_bus/install/py_bus_interfaces/share/py_bus_interfaces/cmake/export_py_bus_interfaces__rosidl_generator_cppExport.cmake
[36.231s] -- Installing: /home/admin/ros2_bus/install/py_bus_interfaces/share/py_bus_interfaces/cmake/export_py_bus_interfaces__rosidl_typesupport_fastrtps_cppExport.cmake
[36.231s] -- Installing: /home/admin/ros2_bus/install/py_bus_interfaces/share/py_bus_interfaces/cmake/export_py_bus_interfaces__rosidl_typesupport_fastrtps_cppExport-noconfig.cmake
[36.231s] -- Installing: /home/admin/ros2_bus/install/py_bus_interfaces/share/py_bus_interfaces/cmake/py_bus_interfaces__rosidl_typesupport_introspection_cppExport.cmake
[36.232s] -- Installing: /home/admin/ros2_bus/install/py_bus_interfaces/share/py_bus_interfaces/cmake/py_bus_interfaces__rosidl_typesupport_introspection_cppExport-noconfig.cmake
[36.232s] -- Installing: /home/admin/ros2_bus/install/py_bus_interfaces/share/py_bus_interfaces/cmake/py_bus_interfaces__rosidl_typesupport_cppExport.cmake
[36.232s] -- Installing: /home/admin/ros2_bus/install/py_bus_interfaces/share/py_bus_interfaces/cmake/py_bus_interfaces__rosidl_typesupport_cppExport-noconfig.cmake
[36.232s] -- Installing: /home/admin/ros2_bus/install/py_bus_interfaces/share/py_bus_interfaces/cmake/export_py_bus_interfaces__rosidl_generator_pyExport.cmake
[36.233s] -- Installing: /home/admin/ros2_bus/install/py_bus_interfaces/share/py_bus_interfaces/cmake/export_py_bus_interfaces__rosidl_generator_pyExport-noconfig.cmake
[36.237s] Invoked command in '/home/admin/ros2_bus/build/py_bus_interfaces' returned '0': CMAKE_PREFIX_PATH=${CMAKE_PREFIX_PATH}:/home/admin/ros2_bus/install/py_bus_perception_logic:/home/admin/ros2_bus/install/py_bus_perception_hw:/home/admin/ros2_bus/install/py_bus_nav:/home/admin/ros2_bus/install/py_bus_localisation_logic:/home/admin/ros2_bus/install/py_bus_localisation_hw:/home/admin/ros2_bus/install/py_bus_hmi:/home/admin/ros2_bus/install/py_bus_driver:/home/admin/ros2_bus/install/py_bus_controller:/home/admin/ros2_bus/install/py_bus_bringup:/home/admin/ros2_bus/install/py_bus_behavior:/opt/ros/kilted /usr/bin/cmake --install /home/admin/ros2_bus/build/py_bus_interfaces
