[2.685s] Invoking command in '/home/admin/ros2_bus/build/py_bus_behavior': PYTHONPATH=/home/admin/ros2_bus/build/py_bus_behavior/prefix_override:/usr/lib/python3/dist-packages/colcon_core/task/python/colcon_distutils_commands:/home/admin/ros2_bus/install/py_bus_behavior/lib/python3.12/site-packages:${PYTHONPATH} /usr/bin/python3 -W ignore:setup.py install is deprecated -W ignore:easy_install command is deprecated setup.py develop --editable --build-directory /home/admin/ros2_bus/build/py_bus_behavior/build --no-deps symlink_data
[3.557s] running develop
[4.099s] running egg_info
[4.099s] creating py_bus_behavior.egg-info
[4.155s] writing py_bus_behavior.egg-info/PKG-INFO
[4.157s] writing dependency_links to py_bus_behavior.egg-info/dependency_links.txt
[4.158s] writing requirements to py_bus_behavior.egg-info/requires.txt
[4.158s] writing top-level names to py_bus_behavior.egg-info/top_level.txt
[4.158s] writing manifest file 'py_bus_behavior.egg-info/SOURCES.txt'
[4.276s] reading manifest file 'py_bus_behavior.egg-info/SOURCES.txt'
[4.277s] writing manifest file 'py_bus_behavior.egg-info/SOURCES.txt'
[4.340s] running build_ext
[4.343s] Creating /home/admin/ros2_bus/install/py_bus_behavior/lib/python3.12/site-packages/py-bus-behavior.egg-link (link to .)
[4.344s] 
[4.344s] Installed /home/admin/ros2_bus/build/py_bus_behavior
[4.344s] running symlink_data
[4.344s] creating /home/admin/ros2_bus/install/py_bus_behavior/share/ament_index
[4.344s] creating /home/admin/ros2_bus/install/py_bus_behavior/share/ament_index/resource_index
[4.344s] creating /home/admin/ros2_bus/install/py_bus_behavior/share/ament_index/resource_index/packages
[4.344s] symbolically linking /home/admin/ros2_bus/build/py_bus_behavior/resource/py_bus_behavior -> /home/admin/ros2_bus/install/py_bus_behavior/share/ament_index/resource_index/packages
[4.344s] symbolically linking /home/admin/ros2_bus/build/py_bus_behavior/package.xml -> /home/admin/ros2_bus/install/py_bus_behavior/share/py_bus_behavior
[4.573s] Invoked command in '/home/admin/ros2_bus/build/py_bus_behavior' returned '0': PYTHONPATH=/home/admin/ros2_bus/build/py_bus_behavior/prefix_override:/usr/lib/python3/dist-packages/colcon_core/task/python/colcon_distutils_commands:/home/admin/ros2_bus/install/py_bus_behavior/lib/python3.12/site-packages:${PYTHONPATH} /usr/bin/python3 -W ignore:setup.py install is deprecated -W ignore:easy_install command is deprecated setup.py develop --editable --build-directory /home/admin/ros2_bus/build/py_bus_behavior/build --no-deps symlink_data
