running develop
running egg_info
creating py_bus_perception_logic.egg-info
writing py_bus_perception_logic.egg-info/PKG-INFO
writing dependency_links to py_bus_perception_logic.egg-info/dependency_links.txt
writing entry points to py_bus_perception_logic.egg-info/entry_points.txt
writing requirements to py_bus_perception_logic.egg-info/requires.txt
writing top-level names to py_bus_perception_logic.egg-info/top_level.txt
writing manifest file 'py_bus_perception_logic.egg-info/SOURCES.txt'
reading manifest file 'py_bus_perception_logic.egg-info/SOURCES.txt'
writing manifest file 'py_bus_perception_logic.egg-info/SOURCES.txt'
running build_ext
Creating /home/admin/ros2_bus/install/py_bus_perception_logic/lib/python3.12/site-packages/py-bus-perception-logic.egg-link (link to .)
Installing object_detection script to /home/admin/ros2_bus/install/py_bus_perception_logic/lib/py_bus_perception_logic

Installed /home/admin/ros2_bus/build/py_bus_perception_logic
running symlink_data
creating /home/admin/ros2_bus/install/py_bus_perception_logic/share/ament_index
creating /home/admin/ros2_bus/install/py_bus_perception_logic/share/ament_index/resource_index
creating /home/admin/ros2_bus/install/py_bus_perception_logic/share/ament_index/resource_index/packages
symbolically linking /home/admin/ros2_bus/build/py_bus_perception_logic/resource/py_bus_perception_logic -> /home/admin/ros2_bus/install/py_bus_perception_logic/share/ament_index/resource_index/packages
symbolically linking /home/admin/ros2_bus/build/py_bus_perception_logic/package.xml -> /home/admin/ros2_bus/install/py_bus_perception_logic/share/py_bus_perception_logic
