[2.207s] Invoking command in '/home/admin/ros2_bus/build/py_bus_perception_logic': PYTHONPATH=/home/admin/ros2_bus/build/py_bus_perception_logic/prefix_override:/usr/lib/python3/dist-packages/colcon_core/task/python/colcon_distutils_commands:/home/admin/ros2_bus/install/py_bus_perception_logic/lib/python3.12/site-packages:${PYTHONPATH} /usr/bin/python3 -W ignore:setup.py install is deprecated -W ignore:easy_install command is deprecated setup.py develop --editable --build-directory /home/admin/ros2_bus/build/py_bus_perception_logic/build --no-deps symlink_data
[2.967s] running develop
[3.467s] running egg_info
[3.467s] creating py_bus_perception_logic.egg-info
[3.511s] writing py_bus_perception_logic.egg-info/PKG-INFO
[3.512s] writing dependency_links to py_bus_perception_logic.egg-info/dependency_links.txt
[3.512s] writing entry points to py_bus_perception_logic.egg-info/entry_points.txt
[3.513s] writing requirements to py_bus_perception_logic.egg-info/requires.txt
[3.513s] writing top-level names to py_bus_perception_logic.egg-info/top_level.txt
[3.513s] writing manifest file 'py_bus_perception_logic.egg-info/SOURCES.txt'
[3.611s] reading manifest file 'py_bus_perception_logic.egg-info/SOURCES.txt'
[3.612s] writing manifest file 'py_bus_perception_logic.egg-info/SOURCES.txt'
[3.665s] running build_ext
[3.666s] Creating /home/admin/ros2_bus/install/py_bus_perception_logic/lib/python3.12/site-packages/py-bus-perception-logic.egg-link (link to .)
[3.667s] Installing object_detection script to /home/admin/ros2_bus/install/py_bus_perception_logic/lib/py_bus_perception_logic
[3.668s] 
[3.668s] Installed /home/admin/ros2_bus/build/py_bus_perception_logic
[3.669s] running symlink_data
[3.669s] creating /home/admin/ros2_bus/install/py_bus_perception_logic/share/ament_index
[3.669s] creating /home/admin/ros2_bus/install/py_bus_perception_logic/share/ament_index/resource_index
[3.669s] creating /home/admin/ros2_bus/install/py_bus_perception_logic/share/ament_index/resource_index/packages
[3.669s] symbolically linking /home/admin/ros2_bus/build/py_bus_perception_logic/resource/py_bus_perception_logic -> /home/admin/ros2_bus/install/py_bus_perception_logic/share/ament_index/resource_index/packages
[3.670s] symbolically linking /home/admin/ros2_bus/build/py_bus_perception_logic/package.xml -> /home/admin/ros2_bus/install/py_bus_perception_logic/share/py_bus_perception_logic
[3.817s] Invoked command in '/home/admin/ros2_bus/build/py_bus_perception_logic' returned '0': PYTHONPATH=/home/admin/ros2_bus/build/py_bus_perception_logic/prefix_override:/usr/lib/python3/dist-packages/colcon_core/task/python/colcon_distutils_commands:/home/admin/ros2_bus/install/py_bus_perception_logic/lib/python3.12/site-packages:${PYTHONPATH} /usr/bin/python3 -W ignore:setup.py install is deprecated -W ignore:easy_install command is deprecated setup.py develop --editable --build-directory /home/admin/ros2_bus/build/py_bus_perception_logic/build --no-deps symlink_data
