-- The C compiler identification is GNU 13.3.0
-- The CXX compiler identification is GNU 13.3.0
-- Detecting C compiler ABI info
-- Detecting C compiler ABI info - done
-- Check for working C compiler: /usr/bin/cc - skipped
-- Detecting C compile features
-- Detecting C compile features - done
-- Detecting CXX compiler ABI info
-- Detecting CXX compiler ABI info - done
-- Check for working CXX compiler: /usr/bin/c++ - skipped
-- Detecting CXX compile features
-- Detecting CXX compile features - done
-- Found ament_cmake: 2.7.5 (/opt/ros/kilted/share/ament_cmake/cmake)
-- Found Python3: /usr/bin/python3 (found version "3.12.3") found components: Interpreter 
-- Override CMake install command with custom implementation using symlinks instead of copying resources
-- Found rosidl_default_generators: 1.7.2 (/opt/ros/kilted/share/rosidl_default_generators/cmake)
-- Using all available rosidl_typesupport_c: rosidl_typesupport_fastrtps_c;rosidl_typesupport_introspection_c
-- Using all available rosidl_typesupport_cpp: rosidl_typesupport_fastrtps_cpp;rosidl_typesupport_introspection_cpp
-- Found rosidl_adapter: 4.9.6 (/opt/ros/kilted/share/rosidl_adapter/cmake)
-- Found builtin_interfaces: 2.3.1 (/opt/ros/kilted/share/builtin_interfaces/cmake)
-- Found ament_cmake_ros_core: 0.14.7 (/opt/ros/kilted/share/ament_cmake_ros_core/cmake)
-- Using all available rosidl_typesupport_c: rosidl_typesupport_fastrtps_c;rosidl_typesupport_introspection_c
-- Using all available rosidl_typesupport_cpp: rosidl_typesupport_fastrtps_cpp;rosidl_typesupport_introspection_cpp
-- Found Python3: /usr/bin/python3 (found version "3.12.3") found components: Interpreter Development NumPy Development.Module Development.Embed 
-- Found Python3: /usr/bin/python3 (found version "3.12.3") found components: Interpreter 
-- Found ament_lint_auto: 0.19.2 (/opt/ros/kilted/share/ament_lint_auto/cmake)
-- Added test 'lint_cmake' to check CMake code style
-- Added test 'xmllint' to check XML markup files
-- Configuring done (7.0s)
-- Generating done (0.1s)
-- Build files have been written to: /home/admin/ros2_bus/build/py_bus_interfaces
[  1%] [34m[1mGenerating type hashes for ROS interfaces[0m
[  1%] Built target py_bus_interfaces__rosidl_generator_type_description
[  1%] Built target ament_cmake_python_symlink_py_bus_interfaces
[  3%] [34m[1mGenerating C++ code for ROS interfaces[0m
[  3%] Built target py_bus_interfaces__cpp
running egg_info
creating py_bus_interfaces.egg-info
writing py_bus_interfaces.egg-info/PKG-INFO
writing dependency_links to py_bus_interfaces.egg-info/dependency_links.txt
writing top-level names to py_bus_interfaces.egg-info/top_level.txt
writing manifest file 'py_bus_interfaces.egg-info/SOURCES.txt'
reading manifest file 'py_bus_interfaces.egg-info/SOURCES.txt'
writing manifest file 'py_bus_interfaces.egg-info/SOURCES.txt'
[  3%] Built target ament_cmake_python_build_py_bus_interfaces_egg
[  4%] [34m[1mGenerating C code for ROS interfaces[0m
[  6%] [32mBuilding C object CMakeFiles/py_bus_interfaces__rosidl_generator_c.dir/rosidl_generator_c/py_bus_interfaces/msg/detail/imu_data__description.c.o[0m
[  7%] [32mBuilding C object CMakeFiles/py_bus_interfaces__rosidl_generator_c.dir/rosidl_generator_c/py_bus_interfaces/msg/detail/imu_data__type_support.c.o[0m
[  9%] [32mBuilding C object CMakeFiles/py_bus_interfaces__rosidl_generator_c.dir/rosidl_generator_c/py_bus_interfaces/msg/detail/uwb_data__description.c.o[0m
[ 10%] [32mBuilding C object CMakeFiles/py_bus_interfaces__rosidl_generator_c.dir/rosidl_generator_c/py_bus_interfaces/msg/detail/uwb_data__functions.c.o[0m
[ 12%] [32mBuilding C object CMakeFiles/py_bus_interfaces__rosidl_generator_c.dir/rosidl_generator_c/py_bus_interfaces/msg/detail/uwb_data__type_support.c.o[0m
[ 13%] [32mBuilding C object CMakeFiles/py_bus_interfaces__rosidl_generator_c.dir/rosidl_generator_c/py_bus_interfaces/msg/detail/driver_status__description.c.o[0m
[ 15%] [32mBuilding C object CMakeFiles/py_bus_interfaces__rosidl_generator_c.dir/rosidl_generator_c/py_bus_interfaces/msg/detail/driver_status__functions.c.o[0m
[ 16%] [32mBuilding C object CMakeFiles/py_bus_interfaces__rosidl_generator_c.dir/rosidl_generator_c/py_bus_interfaces/msg/detail/driver_status__type_support.c.o[0m
[ 18%] [32mBuilding C object CMakeFiles/py_bus_interfaces__rosidl_generator_c.dir/rosidl_generator_c/py_bus_interfaces/msg/detail/driver_command__description.c.o[0m
[ 20%] [32mBuilding C object CMakeFiles/py_bus_interfaces__rosidl_generator_c.dir/rosidl_generator_c/py_bus_interfaces/msg/detail/driver_command__functions.c.o[0m
[ 21%] [32mBuilding C object CMakeFiles/py_bus_interfaces__rosidl_generator_c.dir/rosidl_generator_c/py_bus_interfaces/msg/detail/driver_command__type_support.c.o[0m
[ 23%] [32mBuilding C object CMakeFiles/py_bus_interfaces__rosidl_generator_c.dir/rosidl_generator_c/py_bus_interfaces/msg/detail/imu_data__functions.c.o[0m
[ 24%] [32m[1mLinking C shared library libpy_bus_interfaces__rosidl_generator_c.so[0m
[ 24%] Built target py_bus_interfaces__rosidl_generator_c
[ 26%] [34m[1mGenerating Rust code for ROS interfaces[0m
[ 26%] Built target py_bus_interfaces__rs
[ 27%] [34m[1mGenerating C++ type support for eProsima Fast-RTPS[0m
[ 29%] [32mBuilding CXX object CMakeFiles/py_bus_interfaces__rosidl_typesupport_fastrtps_cpp.dir/rosidl_typesupport_fastrtps_cpp/py_bus_interfaces/msg/detail/dds_fastrtps/imu_data__type_support.cpp.o[0m
[ 30%] [32mBuilding CXX object CMakeFiles/py_bus_interfaces__rosidl_typesupport_fastrtps_cpp.dir/rosidl_typesupport_fastrtps_cpp/py_bus_interfaces/msg/detail/dds_fastrtps/uwb_data__type_support.cpp.o[0m
[ 32%] [32mBuilding CXX object CMakeFiles/py_bus_interfaces__rosidl_typesupport_fastrtps_cpp.dir/rosidl_typesupport_fastrtps_cpp/py_bus_interfaces/msg/detail/dds_fastrtps/driver_status__type_support.cpp.o[0m
[ 33%] [32mBuilding CXX object CMakeFiles/py_bus_interfaces__rosidl_typesupport_fastrtps_cpp.dir/rosidl_typesupport_fastrtps_cpp/py_bus_interfaces/msg/detail/dds_fastrtps/driver_command__type_support.cpp.o[0m
[ 35%] [32m[1mLinking CXX shared library libpy_bus_interfaces__rosidl_typesupport_fastrtps_cpp.so[0m
[ 35%] Built target py_bus_interfaces__rosidl_typesupport_fastrtps_cpp
[ 36%] [34m[1mGenerating C++ introspection for ROS interfaces[0m
[ 38%] [32mBuilding CXX object CMakeFiles/py_bus_interfaces__rosidl_typesupport_introspection_cpp.dir/rosidl_typesupport_introspection_cpp/py_bus_interfaces/msg/detail/imu_data__type_support.cpp.o[0m
[ 40%] [32mBuilding CXX object CMakeFiles/py_bus_interfaces__rosidl_typesupport_introspection_cpp.dir/rosidl_typesupport_introspection_cpp/py_bus_interfaces/msg/detail/uwb_data__type_support.cpp.o[0m
[ 41%] [32mBuilding CXX object CMakeFiles/py_bus_interfaces__rosidl_typesupport_introspection_cpp.dir/rosidl_typesupport_introspection_cpp/py_bus_interfaces/msg/detail/driver_status__type_support.cpp.o[0m
[ 43%] [32mBuilding CXX object CMakeFiles/py_bus_interfaces__rosidl_typesupport_introspection_cpp.dir/rosidl_typesupport_introspection_cpp/py_bus_interfaces/msg/detail/driver_command__type_support.cpp.o[0m
[ 44%] [32m[1mLinking CXX shared library libpy_bus_interfaces__rosidl_typesupport_introspection_cpp.so[0m
[ 44%] Built target py_bus_interfaces__rosidl_typesupport_introspection_cpp
[ 46%] [34m[1mGenerating C++ type support dispatch for ROS interfaces[0m
[ 47%] [32mBuilding CXX object CMakeFiles/py_bus_interfaces__rosidl_typesupport_cpp.dir/rosidl_typesupport_cpp/py_bus_interfaces/msg/imu_data__type_support.cpp.o[0m
[ 49%] [32mBuilding CXX object CMakeFiles/py_bus_interfaces__rosidl_typesupport_cpp.dir/rosidl_typesupport_cpp/py_bus_interfaces/msg/uwb_data__type_support.cpp.o[0m
[ 50%] [32mBuilding CXX object CMakeFiles/py_bus_interfaces__rosidl_typesupport_cpp.dir/rosidl_typesupport_cpp/py_bus_interfaces/msg/driver_status__type_support.cpp.o[0m
[ 52%] [32mBuilding CXX object CMakeFiles/py_bus_interfaces__rosidl_typesupport_cpp.dir/rosidl_typesupport_cpp/py_bus_interfaces/msg/driver_command__type_support.cpp.o[0m
[ 53%] [32m[1mLinking CXX shared library libpy_bus_interfaces__rosidl_typesupport_cpp.so[0m
[ 53%] Built target py_bus_interfaces__rosidl_typesupport_cpp
[ 55%] [34m[1mGenerating C type support for eProsima Fast-RTPS[0m
[ 56%] [32mBuilding CXX object CMakeFiles/py_bus_interfaces__rosidl_typesupport_fastrtps_c.dir/rosidl_typesupport_fastrtps_c/py_bus_interfaces/msg/detail/imu_data__type_support_c.cpp.o[0m
[ 58%] [32mBuilding CXX object CMakeFiles/py_bus_interfaces__rosidl_typesupport_fastrtps_c.dir/rosidl_typesupport_fastrtps_c/py_bus_interfaces/msg/detail/uwb_data__type_support_c.cpp.o[0m
[ 60%] [32mBuilding CXX object CMakeFiles/py_bus_interfaces__rosidl_typesupport_fastrtps_c.dir/rosidl_typesupport_fastrtps_c/py_bus_interfaces/msg/detail/driver_status__type_support_c.cpp.o[0m
[ 61%] [32mBuilding CXX object CMakeFiles/py_bus_interfaces__rosidl_typesupport_fastrtps_c.dir/rosidl_typesupport_fastrtps_c/py_bus_interfaces/msg/detail/driver_command__type_support_c.cpp.o[0m
[ 63%] [32m[1mLinking CXX shared library libpy_bus_interfaces__rosidl_typesupport_fastrtps_c.so[0m
[ 63%] Built target py_bus_interfaces__rosidl_typesupport_fastrtps_c
[ 64%] [34m[1mGenerating C type support dispatch for ROS interfaces[0m
[ 66%] [32mBuilding CXX object CMakeFiles/py_bus_interfaces__rosidl_typesupport_c.dir/rosidl_typesupport_c/py_bus_interfaces/msg/imu_data__type_support.cpp.o[0m
[ 67%] [32mBuilding CXX object CMakeFiles/py_bus_interfaces__rosidl_typesupport_c.dir/rosidl_typesupport_c/py_bus_interfaces/msg/driver_status__type_support.cpp.o[0m
[ 69%] [32mBuilding CXX object CMakeFiles/py_bus_interfaces__rosidl_typesupport_c.dir/rosidl_typesupport_c/py_bus_interfaces/msg/driver_command__type_support.cpp.o[0m
[ 70%] [32mBuilding CXX object CMakeFiles/py_bus_interfaces__rosidl_typesupport_c.dir/rosidl_typesupport_c/py_bus_interfaces/msg/uwb_data__type_support.cpp.o[0m
[ 72%] [32m[1mLinking CXX shared library libpy_bus_interfaces__rosidl_typesupport_c.so[0m
[ 72%] Built target py_bus_interfaces__rosidl_typesupport_c
[ 73%] [34m[1mGenerating C introspection for ROS interfaces[0m
[ 75%] [32mBuilding C object CMakeFiles/py_bus_interfaces__rosidl_typesupport_introspection_c.dir/rosidl_typesupport_introspection_c/py_bus_interfaces/msg/detail/imu_data__type_support.c.o[0m
[ 76%] [32mBuilding C object CMakeFiles/py_bus_interfaces__rosidl_typesupport_introspection_c.dir/rosidl_typesupport_introspection_c/py_bus_interfaces/msg/detail/driver_command__type_support.c.o[0m
[ 78%] [32mBuilding C object CMakeFiles/py_bus_interfaces__rosidl_typesupport_introspection_c.dir/rosidl_typesupport_introspection_c/py_bus_interfaces/msg/detail/driver_status__type_support.c.o[0m
[ 80%] [32mBuilding C object CMakeFiles/py_bus_interfaces__rosidl_typesupport_introspection_c.dir/rosidl_typesupport_introspection_c/py_bus_interfaces/msg/detail/uwb_data__type_support.c.o[0m
[ 81%] [32m[1mLinking C shared library libpy_bus_interfaces__rosidl_typesupport_introspection_c.so[0m
[ 81%] Built target py_bus_interfaces__rosidl_typesupport_introspection_c
[ 81%] Built target py_bus_interfaces
[ 83%] [34m[1mGenerating Python code for ROS interfaces[0m
[ 83%] Built target py_bus_interfaces__py
[ 84%] [32mBuilding C object CMakeFiles/py_bus_interfaces__rosidl_generator_py.dir/rosidl_generator_py/py_bus_interfaces/msg/_imu_data_s.c.o[0m
[ 86%] [32mBuilding C object CMakeFiles/py_bus_interfaces__rosidl_generator_py.dir/rosidl_generator_py/py_bus_interfaces/msg/_driver_command_s.c.o[0m
[ 87%] [32mBuilding C object CMakeFiles/py_bus_interfaces__rosidl_generator_py.dir/rosidl_generator_py/py_bus_interfaces/msg/_driver_status_s.c.o[0m
[ 89%] [32mBuilding C object CMakeFiles/py_bus_interfaces__rosidl_generator_py.dir/rosidl_generator_py/py_bus_interfaces/msg/_uwb_data_s.c.o[0m
[ 90%] [32m[1mLinking C shared library libpy_bus_interfaces__rosidl_generator_py.so[0m
[ 90%] Built target py_bus_interfaces__rosidl_generator_py
[ 92%] [32mBuilding C object CMakeFiles/py_bus_interfaces_s__rosidl_typesupport_fastrtps_c.dir/rosidl_generator_py/py_bus_interfaces/_py_bus_interfaces_s.ep.rosidl_typesupport_fastrtps_c.c.o[0m
[ 93%] [32m[1mLinking C shared module rosidl_generator_py/py_bus_interfaces/py_bus_interfaces_s__rosidl_typesupport_fastrtps_c.so[0m
[ 93%] Built target py_bus_interfaces_s__rosidl_typesupport_fastrtps_c
[ 95%] [32mBuilding C object CMakeFiles/py_bus_interfaces_s__rosidl_typesupport_c.dir/rosidl_generator_py/py_bus_interfaces/_py_bus_interfaces_s.ep.rosidl_typesupport_c.c.o[0m
[ 96%] [32m[1mLinking C shared module rosidl_generator_py/py_bus_interfaces/py_bus_interfaces_s__rosidl_typesupport_c.so[0m
[ 96%] Built target py_bus_interfaces_s__rosidl_typesupport_c
[ 98%] [32mBuilding C object CMakeFiles/py_bus_interfaces_s__rosidl_typesupport_introspection_c.dir/rosidl_generator_py/py_bus_interfaces/_py_bus_interfaces_s.ep.rosidl_typesupport_introspection_c.c.o[0m
[100%] [32m[1mLinking C shared module rosidl_generator_py/py_bus_interfaces/py_bus_interfaces_s__rosidl_typesupport_introspection_c.so[0m
[100%] Built target py_bus_interfaces_s__rosidl_typesupport_introspection_c
-- Install configuration: ""
-- Execute custom install script
-- Symlinking: /home/admin/ros2_bus/install/py_bus_interfaces/share/ament_index/resource_index/rosidl_interfaces/py_bus_interfaces
-- Symlinking: /home/admin/ros2_bus/install/py_bus_interfaces/share/py_bus_interfaces/msg/ImuData.json
-- Symlinking: /home/admin/ros2_bus/install/py_bus_interfaces/share/py_bus_interfaces/msg/UwbData.json
-- Symlinking: /home/admin/ros2_bus/install/py_bus_interfaces/share/py_bus_interfaces/msg/DriverStatus.json
-- Symlinking: /home/admin/ros2_bus/install/py_bus_interfaces/share/py_bus_interfaces/msg/DriverCommand.json
-- Symlinking: /home/admin/ros2_bus/install/py_bus_interfaces/include/py_bus_interfaces/py_bus_interfaces/msg/detail/driver_command__functions.h
-- Symlinking: /home/admin/ros2_bus/install/py_bus_interfaces/include/py_bus_interfaces/py_bus_interfaces/msg/detail/driver_command__struct.h
-- Symlinking: /home/admin/ros2_bus/install/py_bus_interfaces/include/py_bus_interfaces/py_bus_interfaces/msg/detail/driver_command__type_support.h
-- Symlinking: /home/admin/ros2_bus/install/py_bus_interfaces/include/py_bus_interfaces/py_bus_interfaces/msg/detail/driver_status__functions.h
-- Symlinking: /home/admin/ros2_bus/install/py_bus_interfaces/include/py_bus_interfaces/py_bus_interfaces/msg/detail/driver_status__struct.h
-- Symlinking: /home/admin/ros2_bus/install/py_bus_interfaces/include/py_bus_interfaces/py_bus_interfaces/msg/detail/driver_status__type_support.h
-- Symlinking: /home/admin/ros2_bus/install/py_bus_interfaces/include/py_bus_interfaces/py_bus_interfaces/msg/detail/imu_data__functions.h
-- Symlinking: /home/admin/ros2_bus/install/py_bus_interfaces/include/py_bus_interfaces/py_bus_interfaces/msg/detail/imu_data__struct.h
-- Symlinking: /home/admin/ros2_bus/install/py_bus_interfaces/include/py_bus_interfaces/py_bus_interfaces/msg/detail/imu_data__type_support.h
-- Symlinking: /home/admin/ros2_bus/install/py_bus_interfaces/include/py_bus_interfaces/py_bus_interfaces/msg/detail/uwb_data__functions.h
-- Symlinking: /home/admin/ros2_bus/install/py_bus_interfaces/include/py_bus_interfaces/py_bus_interfaces/msg/detail/uwb_data__struct.h
-- Symlinking: /home/admin/ros2_bus/install/py_bus_interfaces/include/py_bus_interfaces/py_bus_interfaces/msg/detail/uwb_data__type_support.h
-- Symlinking: /home/admin/ros2_bus/install/py_bus_interfaces/include/py_bus_interfaces/py_bus_interfaces/msg/driver_command.h
-- Symlinking: /home/admin/ros2_bus/install/py_bus_interfaces/include/py_bus_interfaces/py_bus_interfaces/msg/driver_status.h
-- Symlinking: /home/admin/ros2_bus/install/py_bus_interfaces/include/py_bus_interfaces/py_bus_interfaces/msg/imu_data.h
-- Symlinking: /home/admin/ros2_bus/install/py_bus_interfaces/include/py_bus_interfaces/py_bus_interfaces/msg/rosidl_generator_c__visibility_control.h
-- Symlinking: /home/admin/ros2_bus/install/py_bus_interfaces/include/py_bus_interfaces/py_bus_interfaces/msg/uwb_data.h
-- Symlinking: /home/admin/ros2_bus/install/py_bus_interfaces/share/py_bus_interfaces/environment/library_path.sh
-- Symlinking: /home/admin/ros2_bus/install/py_bus_interfaces/share/py_bus_interfaces/environment/library_path.dsv
-- Symlinking: /home/admin/ros2_bus/install/py_bus_interfaces/include/py_bus_interfaces/py_bus_interfaces/msg/detail/driver_command__rosidl_typesupport_fastrtps_c.h
-- Symlinking: /home/admin/ros2_bus/install/py_bus_interfaces/include/py_bus_interfaces/py_bus_interfaces/msg/detail/driver_status__rosidl_typesupport_fastrtps_c.h
-- Symlinking: /home/admin/ros2_bus/install/py_bus_interfaces/include/py_bus_interfaces/py_bus_interfaces/msg/detail/imu_data__rosidl_typesupport_fastrtps_c.h
-- Symlinking: /home/admin/ros2_bus/install/py_bus_interfaces/include/py_bus_interfaces/py_bus_interfaces/msg/detail/uwb_data__rosidl_typesupport_fastrtps_c.h
-- Symlinking: /home/admin/ros2_bus/install/py_bus_interfaces/include/py_bus_interfaces/py_bus_interfaces/msg/rosidl_typesupport_fastrtps_c__visibility_control.h
-- Symlinking: /home/admin/ros2_bus/install/py_bus_interfaces/include/py_bus_interfaces/py_bus_interfaces/msg/detail/driver_command__rosidl_typesupport_introspection_c.h
-- Symlinking: /home/admin/ros2_bus/install/py_bus_interfaces/include/py_bus_interfaces/py_bus_interfaces/msg/detail/driver_status__rosidl_typesupport_introspection_c.h
-- Symlinking: /home/admin/ros2_bus/install/py_bus_interfaces/include/py_bus_interfaces/py_bus_interfaces/msg/detail/imu_data__rosidl_typesupport_introspection_c.h
-- Symlinking: /home/admin/ros2_bus/install/py_bus_interfaces/include/py_bus_interfaces/py_bus_interfaces/msg/detail/uwb_data__rosidl_typesupport_introspection_c.h
-- Symlinking: /home/admin/ros2_bus/install/py_bus_interfaces/include/py_bus_interfaces/py_bus_interfaces/msg/rosidl_typesupport_introspection_c__visibility_control.h
-- Symlinking: /home/admin/ros2_bus/install/py_bus_interfaces/include/py_bus_interfaces/py_bus_interfaces/msg/detail/driver_command__builder.hpp
-- Symlinking: /home/admin/ros2_bus/install/py_bus_interfaces/include/py_bus_interfaces/py_bus_interfaces/msg/detail/driver_command__struct.hpp
-- Symlinking: /home/admin/ros2_bus/install/py_bus_interfaces/include/py_bus_interfaces/py_bus_interfaces/msg/detail/driver_command__traits.hpp
-- Symlinking: /home/admin/ros2_bus/install/py_bus_interfaces/include/py_bus_interfaces/py_bus_interfaces/msg/detail/driver_command__type_support.hpp
-- Symlinking: /home/admin/ros2_bus/install/py_bus_interfaces/include/py_bus_interfaces/py_bus_interfaces/msg/detail/driver_status__builder.hpp
-- Symlinking: /home/admin/ros2_bus/install/py_bus_interfaces/include/py_bus_interfaces/py_bus_interfaces/msg/detail/driver_status__struct.hpp
-- Symlinking: /home/admin/ros2_bus/install/py_bus_interfaces/include/py_bus_interfaces/py_bus_interfaces/msg/detail/driver_status__traits.hpp
-- Symlinking: /home/admin/ros2_bus/install/py_bus_interfaces/include/py_bus_interfaces/py_bus_interfaces/msg/detail/driver_status__type_support.hpp
-- Symlinking: /home/admin/ros2_bus/install/py_bus_interfaces/include/py_bus_interfaces/py_bus_interfaces/msg/detail/imu_data__builder.hpp
-- Symlinking: /home/admin/ros2_bus/install/py_bus_interfaces/include/py_bus_interfaces/py_bus_interfaces/msg/detail/imu_data__struct.hpp
-- Symlinking: /home/admin/ros2_bus/install/py_bus_interfaces/include/py_bus_interfaces/py_bus_interfaces/msg/detail/imu_data__traits.hpp
-- Symlinking: /home/admin/ros2_bus/install/py_bus_interfaces/include/py_bus_interfaces/py_bus_interfaces/msg/detail/imu_data__type_support.hpp
-- Symlinking: /home/admin/ros2_bus/install/py_bus_interfaces/include/py_bus_interfaces/py_bus_interfaces/msg/detail/uwb_data__builder.hpp
-- Symlinking: /home/admin/ros2_bus/install/py_bus_interfaces/include/py_bus_interfaces/py_bus_interfaces/msg/detail/uwb_data__struct.hpp
-- Symlinking: /home/admin/ros2_bus/install/py_bus_interfaces/include/py_bus_interfaces/py_bus_interfaces/msg/detail/uwb_data__traits.hpp
-- Symlinking: /home/admin/ros2_bus/install/py_bus_interfaces/include/py_bus_interfaces/py_bus_interfaces/msg/detail/uwb_data__type_support.hpp
-- Symlinking: /home/admin/ros2_bus/install/py_bus_interfaces/include/py_bus_interfaces/py_bus_interfaces/msg/driver_command.hpp
-- Symlinking: /home/admin/ros2_bus/install/py_bus_interfaces/include/py_bus_interfaces/py_bus_interfaces/msg/driver_status.hpp
-- Symlinking: /home/admin/ros2_bus/install/py_bus_interfaces/include/py_bus_interfaces/py_bus_interfaces/msg/imu_data.hpp
-- Symlinking: /home/admin/ros2_bus/install/py_bus_interfaces/include/py_bus_interfaces/py_bus_interfaces/msg/rosidl_generator_cpp__visibility_control.hpp
-- Symlinking: /home/admin/ros2_bus/install/py_bus_interfaces/include/py_bus_interfaces/py_bus_interfaces/msg/uwb_data.hpp
-- Symlinking: /home/admin/ros2_bus/install/py_bus_interfaces/include/py_bus_interfaces/py_bus_interfaces/msg/detail/driver_command__rosidl_typesupport_fastrtps_cpp.hpp
-- Symlinking: /home/admin/ros2_bus/install/py_bus_interfaces/include/py_bus_interfaces/py_bus_interfaces/msg/detail/driver_status__rosidl_typesupport_fastrtps_cpp.hpp
-- Symlinking: /home/admin/ros2_bus/install/py_bus_interfaces/include/py_bus_interfaces/py_bus_interfaces/msg/detail/imu_data__rosidl_typesupport_fastrtps_cpp.hpp
-- Symlinking: /home/admin/ros2_bus/install/py_bus_interfaces/include/py_bus_interfaces/py_bus_interfaces/msg/detail/uwb_data__rosidl_typesupport_fastrtps_cpp.hpp
-- Symlinking: /home/admin/ros2_bus/install/py_bus_interfaces/include/py_bus_interfaces/py_bus_interfaces/msg/rosidl_typesupport_fastrtps_cpp__visibility_control.h
-- Symlinking: /home/admin/ros2_bus/install/py_bus_interfaces/include/py_bus_interfaces/py_bus_interfaces/msg/detail/driver_command__rosidl_typesupport_introspection_cpp.hpp
-- Symlinking: /home/admin/ros2_bus/install/py_bus_interfaces/include/py_bus_interfaces/py_bus_interfaces/msg/detail/driver_status__rosidl_typesupport_introspection_cpp.hpp
-- Symlinking: /home/admin/ros2_bus/install/py_bus_interfaces/include/py_bus_interfaces/py_bus_interfaces/msg/detail/imu_data__rosidl_typesupport_introspection_cpp.hpp
-- Symlinking: /home/admin/ros2_bus/install/py_bus_interfaces/include/py_bus_interfaces/py_bus_interfaces/msg/detail/uwb_data__rosidl_typesupport_introspection_cpp.hpp
-- Symlinking: /home/admin/ros2_bus/install/py_bus_interfaces/share/py_bus_interfaces/environment/pythonpath.sh
-- Symlinking: /home/admin/ros2_bus/install/py_bus_interfaces/share/py_bus_interfaces/environment/pythonpath.dsv
-- Symlinking: /home/admin/ros2_bus/install/py_bus_interfaces/lib/python3.12/site-packages/py_bus_interfaces-0.0.0-py3.12.egg-info/PKG-INFO
-- Symlinking: /home/admin/ros2_bus/install/py_bus_interfaces/lib/python3.12/site-packages/py_bus_interfaces-0.0.0-py3.12.egg-info/SOURCES.txt
-- Symlinking: /home/admin/ros2_bus/install/py_bus_interfaces/lib/python3.12/site-packages/py_bus_interfaces-0.0.0-py3.12.egg-info/dependency_links.txt
-- Symlinking: /home/admin/ros2_bus/install/py_bus_interfaces/lib/python3.12/site-packages/py_bus_interfaces-0.0.0-py3.12.egg-info/top_level.txt
-- Symlinking: /home/admin/ros2_bus/install/py_bus_interfaces/lib/python3.12/site-packages/py_bus_interfaces/__init__.py
-- Symlinking: /home/admin/ros2_bus/install/py_bus_interfaces/lib/python3.12/site-packages/py_bus_interfaces/_py_bus_interfaces_s.ep.rosidl_typesupport_c.c
-- Symlinking: /home/admin/ros2_bus/install/py_bus_interfaces/lib/python3.12/site-packages/py_bus_interfaces/_py_bus_interfaces_s.ep.rosidl_typesupport_fastrtps_c.c
-- Symlinking: /home/admin/ros2_bus/install/py_bus_interfaces/lib/python3.12/site-packages/py_bus_interfaces/_py_bus_interfaces_s.ep.rosidl_typesupport_introspection_c.c
-- Symlinking: /home/admin/ros2_bus/install/py_bus_interfaces/lib/python3.12/site-packages/py_bus_interfaces/msg/__init__.py
-- Symlinking: /home/admin/ros2_bus/install/py_bus_interfaces/lib/python3.12/site-packages/py_bus_interfaces/msg/_driver_command.py
-- Symlinking: /home/admin/ros2_bus/install/py_bus_interfaces/lib/python3.12/site-packages/py_bus_interfaces/msg/_driver_command_s.c
-- Symlinking: /home/admin/ros2_bus/install/py_bus_interfaces/lib/python3.12/site-packages/py_bus_interfaces/msg/_driver_status.py
-- Symlinking: /home/admin/ros2_bus/install/py_bus_interfaces/lib/python3.12/site-packages/py_bus_interfaces/msg/_driver_status_s.c
-- Symlinking: /home/admin/ros2_bus/install/py_bus_interfaces/lib/python3.12/site-packages/py_bus_interfaces/msg/_imu_data.py
-- Symlinking: /home/admin/ros2_bus/install/py_bus_interfaces/lib/python3.12/site-packages/py_bus_interfaces/msg/_imu_data_s.c
-- Symlinking: /home/admin/ros2_bus/install/py_bus_interfaces/lib/python3.12/site-packages/py_bus_interfaces/msg/_uwb_data.py
-- Symlinking: /home/admin/ros2_bus/install/py_bus_interfaces/lib/python3.12/site-packages/py_bus_interfaces/msg/_uwb_data_s.c
-- Symlinking: /home/admin/ros2_bus/install/py_bus_interfaces/lib/python3.12/site-packages/py_bus_interfaces/py_bus_interfaces_s__rosidl_typesupport_c.so
-- Symlinking: /home/admin/ros2_bus/install/py_bus_interfaces/lib/python3.12/site-packages/py_bus_interfaces/py_bus_interfaces_s__rosidl_typesupport_fastrtps_c.so
-- Symlinking: /home/admin/ros2_bus/install/py_bus_interfaces/lib/python3.12/site-packages/py_bus_interfaces/py_bus_interfaces_s__rosidl_typesupport_introspection_c.so
-- Up-to-date symlink: /home/admin/ros2_bus/install/py_bus_interfaces/lib/python3.12/site-packages/py_bus_interfaces/py_bus_interfaces_s__rosidl_typesupport_fastrtps_c.so
-- Up-to-date symlink: /home/admin/ros2_bus/install/py_bus_interfaces/lib/python3.12/site-packages/py_bus_interfaces/py_bus_interfaces_s__rosidl_typesupport_introspection_c.so
-- Up-to-date symlink: /home/admin/ros2_bus/install/py_bus_interfaces/lib/python3.12/site-packages/py_bus_interfaces/py_bus_interfaces_s__rosidl_typesupport_c.so
-- Symlinking: /home/admin/ros2_bus/install/py_bus_interfaces/share/ament_index/resource_index/rust_packages/py_bus_interfaces
-- Symlinking: /home/admin/ros2_bus/install/py_bus_interfaces/share/py_bus_interfaces/rust/Cargo.toml
-- Symlinking: /home/admin/ros2_bus/install/py_bus_interfaces/share/py_bus_interfaces/rust/build.rs
-- Symlinking: /home/admin/ros2_bus/install/py_bus_interfaces/share/py_bus_interfaces/rust/src/lib.rs
-- Symlinking: /home/admin/ros2_bus/install/py_bus_interfaces/share/py_bus_interfaces/rust/src/msg.rs
-- Symlinking: /home/admin/ros2_bus/install/py_bus_interfaces/share/py_bus_interfaces/rust/src/msg/rmw.rs
-- Symlinking: /home/admin/ros2_bus/install/py_bus_interfaces/share/py_bus_interfaces/msg/ImuData.idl
-- Symlinking: /home/admin/ros2_bus/install/py_bus_interfaces/share/py_bus_interfaces/msg/UwbData.idl
-- Symlinking: /home/admin/ros2_bus/install/py_bus_interfaces/share/py_bus_interfaces/msg/DriverStatus.idl
-- Symlinking: /home/admin/ros2_bus/install/py_bus_interfaces/share/py_bus_interfaces/msg/DriverCommand.idl
-- Symlinking: /home/admin/ros2_bus/install/py_bus_interfaces/share/py_bus_interfaces/msg/ImuData.msg
-- Symlinking: /home/admin/ros2_bus/install/py_bus_interfaces/share/py_bus_interfaces/msg/UwbData.msg
-- Symlinking: /home/admin/ros2_bus/install/py_bus_interfaces/share/py_bus_interfaces/msg/DriverStatus.msg
-- Symlinking: /home/admin/ros2_bus/install/py_bus_interfaces/share/py_bus_interfaces/msg/DriverCommand.msg
-- Symlinking: /home/admin/ros2_bus/install/py_bus_interfaces/share/ament_index/resource_index/package_run_dependencies/py_bus_interfaces
-- Symlinking: /home/admin/ros2_bus/install/py_bus_interfaces/share/ament_index/resource_index/parent_prefix_path/py_bus_interfaces
-- Symlinking: /home/admin/ros2_bus/install/py_bus_interfaces/share/py_bus_interfaces/environment/ament_prefix_path.sh
-- Symlinking: /home/admin/ros2_bus/install/py_bus_interfaces/share/py_bus_interfaces/environment/ament_prefix_path.dsv
-- Symlinking: /home/admin/ros2_bus/install/py_bus_interfaces/share/py_bus_interfaces/environment/path.sh
-- Symlinking: /home/admin/ros2_bus/install/py_bus_interfaces/share/py_bus_interfaces/environment/path.dsv
-- Symlinking: /home/admin/ros2_bus/install/py_bus_interfaces/share/py_bus_interfaces/local_setup.bash
-- Symlinking: /home/admin/ros2_bus/install/py_bus_interfaces/share/py_bus_interfaces/local_setup.sh
-- Symlinking: /home/admin/ros2_bus/install/py_bus_interfaces/share/py_bus_interfaces/local_setup.zsh
-- Symlinking: /home/admin/ros2_bus/install/py_bus_interfaces/share/py_bus_interfaces/local_setup.dsv
-- Symlinking: /home/admin/ros2_bus/install/py_bus_interfaces/share/py_bus_interfaces/package.dsv
-- Symlinking: /home/admin/ros2_bus/install/py_bus_interfaces/share/ament_index/resource_index/packages/py_bus_interfaces
-- Symlinking: /home/admin/ros2_bus/install/py_bus_interfaces/share/py_bus_interfaces/cmake/rosidl_cmake-extras.cmake
-- Symlinking: /home/admin/ros2_bus/install/py_bus_interfaces/share/py_bus_interfaces/cmake/ament_cmake_export_dependencies-extras.cmake
-- Symlinking: /home/admin/ros2_bus/install/py_bus_interfaces/share/py_bus_interfaces/cmake/ament_cmake_export_include_directories-extras.cmake
-- Symlinking: /home/admin/ros2_bus/install/py_bus_interfaces/share/py_bus_interfaces/cmake/ament_cmake_export_libraries-extras.cmake
-- Symlinking: /home/admin/ros2_bus/install/py_bus_interfaces/share/py_bus_interfaces/cmake/ament_cmake_export_targets-extras.cmake
-- Symlinking: /home/admin/ros2_bus/install/py_bus_interfaces/share/py_bus_interfaces/cmake/rosidl_cmake_export_typesupport_targets-extras.cmake
-- Symlinking: /home/admin/ros2_bus/install/py_bus_interfaces/share/py_bus_interfaces/cmake/rosidl_cmake_export_typesupport_libraries-extras.cmake
-- Symlinking: /home/admin/ros2_bus/install/py_bus_interfaces/share/py_bus_interfaces/cmake/py_bus_interfacesConfig.cmake
-- Symlinking: /home/admin/ros2_bus/install/py_bus_interfaces/share/py_bus_interfaces/cmake/py_bus_interfacesConfig-version.cmake
-- Symlinking: /home/admin/ros2_bus/install/py_bus_interfaces/share/py_bus_interfaces/package.xml
-- Installing: /home/admin/ros2_bus/install/py_bus_interfaces/lib/libpy_bus_interfaces__rosidl_generator_c.so
-- Set non-toolchain portion of runtime path of "/home/admin/ros2_bus/install/py_bus_interfaces/lib/libpy_bus_interfaces__rosidl_generator_c.so" to ""
-- Installing: /home/admin/ros2_bus/install/py_bus_interfaces/lib/libpy_bus_interfaces__rosidl_typesupport_fastrtps_c.so
-- Set non-toolchain portion of runtime path of "/home/admin/ros2_bus/install/py_bus_interfaces/lib/libpy_bus_interfaces__rosidl_typesupport_fastrtps_c.so" to ""
-- Installing: /home/admin/ros2_bus/install/py_bus_interfaces/lib/libpy_bus_interfaces__rosidl_typesupport_introspection_c.so
-- Set non-toolchain portion of runtime path of "/home/admin/ros2_bus/install/py_bus_interfaces/lib/libpy_bus_interfaces__rosidl_typesupport_introspection_c.so" to ""
-- Installing: /home/admin/ros2_bus/install/py_bus_interfaces/lib/libpy_bus_interfaces__rosidl_typesupport_c.so
-- Set non-toolchain portion of runtime path of "/home/admin/ros2_bus/install/py_bus_interfaces/lib/libpy_bus_interfaces__rosidl_typesupport_c.so" to ""
-- Installing: /home/admin/ros2_bus/install/py_bus_interfaces/lib/libpy_bus_interfaces__rosidl_typesupport_fastrtps_cpp.so
-- Set non-toolchain portion of runtime path of "/home/admin/ros2_bus/install/py_bus_interfaces/lib/libpy_bus_interfaces__rosidl_typesupport_fastrtps_cpp.so" to ""
-- Installing: /home/admin/ros2_bus/install/py_bus_interfaces/lib/libpy_bus_interfaces__rosidl_typesupport_introspection_cpp.so
-- Set non-toolchain portion of runtime path of "/home/admin/ros2_bus/install/py_bus_interfaces/lib/libpy_bus_interfaces__rosidl_typesupport_introspection_cpp.so" to ""
-- Installing: /home/admin/ros2_bus/install/py_bus_interfaces/lib/libpy_bus_interfaces__rosidl_typesupport_cpp.so
-- Set non-toolchain portion of runtime path of "/home/admin/ros2_bus/install/py_bus_interfaces/lib/libpy_bus_interfaces__rosidl_typesupport_cpp.so" to ""
Listing '/home/admin/ros2_bus/install/py_bus_interfaces/lib/python3.12/site-packages/py_bus_interfaces'...
Compiling '/home/admin/ros2_bus/install/py_bus_interfaces/lib/python3.12/site-packages/py_bus_interfaces/__init__.py'...
Listing '/home/admin/ros2_bus/install/py_bus_interfaces/lib/python3.12/site-packages/py_bus_interfaces/msg'...
Compiling '/home/admin/ros2_bus/install/py_bus_interfaces/lib/python3.12/site-packages/py_bus_interfaces/msg/__init__.py'...
Compiling '/home/admin/ros2_bus/install/py_bus_interfaces/lib/python3.12/site-packages/py_bus_interfaces/msg/_driver_command.py'...
Compiling '/home/admin/ros2_bus/install/py_bus_interfaces/lib/python3.12/site-packages/py_bus_interfaces/msg/_driver_status.py'...
Compiling '/home/admin/ros2_bus/install/py_bus_interfaces/lib/python3.12/site-packages/py_bus_interfaces/msg/_imu_data.py'...
Compiling '/home/admin/ros2_bus/install/py_bus_interfaces/lib/python3.12/site-packages/py_bus_interfaces/msg/_uwb_data.py'...
-- Installing: /home/admin/ros2_bus/install/py_bus_interfaces/lib/libpy_bus_interfaces__rosidl_generator_py.so
-- Set non-toolchain portion of runtime path of "/home/admin/ros2_bus/install/py_bus_interfaces/lib/libpy_bus_interfaces__rosidl_generator_py.so" to ""
-- Installing: /home/admin/ros2_bus/install/py_bus_interfaces/share/py_bus_interfaces/cmake/export_py_bus_interfaces__rosidl_generator_cExport.cmake
-- Installing: /home/admin/ros2_bus/install/py_bus_interfaces/share/py_bus_interfaces/cmake/export_py_bus_interfaces__rosidl_generator_cExport-noconfig.cmake
-- Installing: /home/admin/ros2_bus/install/py_bus_interfaces/share/py_bus_interfaces/cmake/export_py_bus_interfaces__rosidl_typesupport_fastrtps_cExport.cmake
-- Installing: /home/admin/ros2_bus/install/py_bus_interfaces/share/py_bus_interfaces/cmake/export_py_bus_interfaces__rosidl_typesupport_fastrtps_cExport-noconfig.cmake
-- Installing: /home/admin/ros2_bus/install/py_bus_interfaces/share/py_bus_interfaces/cmake/py_bus_interfaces__rosidl_typesupport_introspection_cExport.cmake
-- Installing: /home/admin/ros2_bus/install/py_bus_interfaces/share/py_bus_interfaces/cmake/py_bus_interfaces__rosidl_typesupport_introspection_cExport-noconfig.cmake
-- Installing: /home/admin/ros2_bus/install/py_bus_interfaces/share/py_bus_interfaces/cmake/py_bus_interfaces__rosidl_typesupport_cExport.cmake
-- Installing: /home/admin/ros2_bus/install/py_bus_interfaces/share/py_bus_interfaces/cmake/py_bus_interfaces__rosidl_typesupport_cExport-noconfig.cmake
-- Installing: /home/admin/ros2_bus/install/py_bus_interfaces/share/py_bus_interfaces/cmake/export_py_bus_interfaces__rosidl_generator_cppExport.cmake
-- Installing: /home/admin/ros2_bus/install/py_bus_interfaces/share/py_bus_interfaces/cmake/export_py_bus_interfaces__rosidl_typesupport_fastrtps_cppExport.cmake
-- Installing: /home/admin/ros2_bus/install/py_bus_interfaces/share/py_bus_interfaces/cmake/export_py_bus_interfaces__rosidl_typesupport_fastrtps_cppExport-noconfig.cmake
-- Installing: /home/admin/ros2_bus/install/py_bus_interfaces/share/py_bus_interfaces/cmake/py_bus_interfaces__rosidl_typesupport_introspection_cppExport.cmake
-- Installing: /home/admin/ros2_bus/install/py_bus_interfaces/share/py_bus_interfaces/cmake/py_bus_interfaces__rosidl_typesupport_introspection_cppExport-noconfig.cmake
-- Installing: /home/admin/ros2_bus/install/py_bus_interfaces/share/py_bus_interfaces/cmake/py_bus_interfaces__rosidl_typesupport_cppExport.cmake
-- Installing: /home/admin/ros2_bus/install/py_bus_interfaces/share/py_bus_interfaces/cmake/py_bus_interfaces__rosidl_typesupport_cppExport-noconfig.cmake
-- Installing: /home/admin/ros2_bus/install/py_bus_interfaces/share/py_bus_interfaces/cmake/export_py_bus_interfaces__rosidl_generator_pyExport.cmake
-- Installing: /home/admin/ros2_bus/install/py_bus_interfaces/share/py_bus_interfaces/cmake/export_py_bus_interfaces__rosidl_generator_pyExport-noconfig.cmake
