[2.320s] Invoking command in '/home/admin/ros2_bus/build/py_bus_hmi': PYTHONPATH=/home/admin/ros2_bus/build/py_bus_hmi/prefix_override:/usr/lib/python3/dist-packages/colcon_core/task/python/colcon_distutils_commands:/home/admin/ros2_bus/install/py_bus_hmi/lib/python3.12/site-packages:${PYTHONPATH} /usr/bin/python3 -W ignore:setup.py install is deprecated -W ignore:easy_install command is deprecated setup.py develop --editable --build-directory /home/admin/ros2_bus/build/py_bus_hmi/build --no-deps symlink_data
[3.264s] running develop
[3.848s] running egg_info
[3.848s] creating py_bus_hmi.egg-info
[3.898s] writing py_bus_hmi.egg-info/PKG-INFO
[3.899s] writing dependency_links to py_bus_hmi.egg-info/dependency_links.txt
[3.899s] writing entry points to py_bus_hmi.egg-info/entry_points.txt
[3.900s] writing requirements to py_bus_hmi.egg-info/requires.txt
[3.900s] writing top-level names to py_bus_hmi.egg-info/top_level.txt
[3.900s] writing manifest file 'py_bus_hmi.egg-info/SOURCES.txt'
[4.006s] reading manifest file 'py_bus_hmi.egg-info/SOURCES.txt'
[4.006s] writing manifest file 'py_bus_hmi.egg-info/SOURCES.txt'
[4.080s] running build_ext
[4.080s] Creating /home/admin/ros2_bus/install/py_bus_hmi/lib/python3.12/site-packages/py-bus-hmi.egg-link (link to .)
[4.082s] Installing web_visu_node script to /home/admin/ros2_bus/install/py_bus_hmi/lib/py_bus_hmi
[4.083s] 
[4.083s] Installed /home/admin/ros2_bus/build/py_bus_hmi
[4.085s] running symlink_data
[4.085s] creating /home/admin/ros2_bus/install/py_bus_hmi/share/ament_index
[4.085s] creating /home/admin/ros2_bus/install/py_bus_hmi/share/ament_index/resource_index
[4.085s] creating /home/admin/ros2_bus/install/py_bus_hmi/share/ament_index/resource_index/packages
[4.085s] symbolically linking /home/admin/ros2_bus/build/py_bus_hmi/resource/py_bus_hmi -> /home/admin/ros2_bus/install/py_bus_hmi/share/ament_index/resource_index/packages
[4.086s] symbolically linking /home/admin/ros2_bus/build/py_bus_hmi/package.xml -> /home/admin/ros2_bus/install/py_bus_hmi/share/py_bus_hmi
[4.086s] creating /home/admin/ros2_bus/install/py_bus_hmi/share/py_bus_hmi/web
[4.086s] symbolically linking /home/admin/ros2_bus/build/py_bus_hmi/py_bus_hmi/web/index.html -> /home/admin/ros2_bus/install/py_bus_hmi/share/py_bus_hmi/web
[4.086s] symbolically linking /home/admin/ros2_bus/build/py_bus_hmi/py_bus_hmi/web/style.css -> /home/admin/ros2_bus/install/py_bus_hmi/share/py_bus_hmi/web
[4.086s] symbolically linking /home/admin/ros2_bus/build/py_bus_hmi/py_bus_hmi/web/navigation.html -> /home/admin/ros2_bus/install/py_bus_hmi/share/py_bus_hmi/web
[4.086s] symbolically linking /home/admin/ros2_bus/build/py_bus_hmi/py_bus_hmi/web/navigation.js -> /home/admin/ros2_bus/install/py_bus_hmi/share/py_bus_hmi/web
[4.089s] symbolically linking /home/admin/ros2_bus/build/py_bus_hmi/py_bus_hmi/web/app.js -> /home/admin/ros2_bus/install/py_bus_hmi/share/py_bus_hmi/web
[4.263s] Invoked command in '/home/admin/ros2_bus/build/py_bus_hmi' returned '0': PYTHONPATH=/home/admin/ros2_bus/build/py_bus_hmi/prefix_override:/usr/lib/python3/dist-packages/colcon_core/task/python/colcon_distutils_commands:/home/admin/ros2_bus/install/py_bus_hmi/lib/python3.12/site-packages:${PYTHONPATH} /usr/bin/python3 -W ignore:setup.py install is deprecated -W ignore:easy_install command is deprecated setup.py develop --editable --build-directory /home/admin/ros2_bus/build/py_bus_hmi/build --no-deps symlink_data
